D Language File
  DLanguageDeclarationImpl(DECLARATION)
    FUNCTION_DECLARATION
      DLanguageTypeImpl(TYPE)
        DLanguageType_2Impl(TYPE_2)
          DLanguageSymbolImpl(SYMBOL)
            DLanguageIdentifierOrTemplateChainImpl(IDENTIFIER_OR_TEMPLATE_CHAIN)
              DLanguageIdentifierOrTemplateInstanceImpl(IDENTIFIER_OR_TEMPLATE_INSTANCE)
                IDENTIFIER
                  PsiElement(DLanguageTokenType.ID)('size_t')
      IDENTIFIER
        PsiElement(DLanguageTokenType.ID)('toHash')
      DLanguageParametersImpl(PARAMETERS)
        PsiElement(DLanguageTokenType.()('(')
        PsiElement(DLanguageTokenType.))(')')
      DLanguageMemberFunctionAttributeImpl(MEMBER_FUNCTION_ATTRIBUTE)
        PsiElement(DLanguageTokenType.const)('const')
      DLanguageMemberFunctionAttributeImpl(MEMBER_FUNCTION_ATTRIBUTE)
        DLanguageAtAttributeImpl(AT_ATTRIBUTE)
          PsiElement(DLanguageTokenType.@)('@')
          IDENTIFIER
            PsiElement(DLanguageTokenType.ID)('safe')
      DLanguageMemberFunctionAttributeImpl(MEMBER_FUNCTION_ATTRIBUTE)
        PsiElement(DLanguageTokenType.pure)('pure')
      DLanguageMemberFunctionAttributeImpl(MEMBER_FUNCTION_ATTRIBUTE)
        PsiElement(DLanguageTokenType.nothrow)('nothrow')
      PsiElement(DLanguageTokenType.;)(';')
  DLanguageDeclarationImpl(DECLARATION)
    FUNCTION_DECLARATION
      DLanguageTypeImpl(TYPE)
        DLanguageType_2Impl(TYPE_2)
          DLanguageBuiltinTypeImpl(BUILTIN_TYPE)
            PsiElement(DLanguageTokenType.bool)('bool')
      IDENTIFIER
        PsiElement(DLanguageTokenType.ID)('opEquals')
      DLanguageParametersImpl(PARAMETERS)
        PsiElement(DLanguageTokenType.()('(')
        PARAMETER
          PsiElement(DLanguageTokenType.ref)('ref')
          PsiElement(DLanguageTokenType.const)('const')
          DLanguageTypeImpl(TYPE)
            DLanguageType_2Impl(TYPE_2)
              DLanguageTypeofExpressionImpl(TYPEOF_EXPRESSION)
                PsiElement(DLanguageTokenType.typeof)('typeof')
                PsiElement(DLanguageTokenType.()('(')
                DLanguageExpressionImpl(EXPRESSION)
                  DLanguageAssignExpressionImpl(ASSIGN_EXPRESSION)
                    DLanguageCmpExpressionImpl(CMP_EXPRESSION)
                      DLanguageUnaryExpressionImpl(UNARY_EXPRESSION)
                        DLanguagePrimaryExpressionImpl(PRIMARY_EXPRESSION)
                          THIS_IDENTIFIER
                            PsiElement(DLanguageTokenType.this)('this')
                PsiElement(DLanguageTokenType.))(')')
          IDENTIFIER
            PsiElement(DLanguageTokenType.ID)('s')
        PsiElement(DLanguageTokenType.))(')')
      DLanguageMemberFunctionAttributeImpl(MEMBER_FUNCTION_ATTRIBUTE)
        DLanguageAtAttributeImpl(AT_ATTRIBUTE)
          PsiElement(DLanguageTokenType.@)('@')
          IDENTIFIER
            PsiElement(DLanguageTokenType.ID)('safe')
      DLanguageMemberFunctionAttributeImpl(MEMBER_FUNCTION_ATTRIBUTE)
        PsiElement(DLanguageTokenType.pure)('pure')
      DLanguageMemberFunctionAttributeImpl(MEMBER_FUNCTION_ATTRIBUTE)
        PsiElement(DLanguageTokenType.nothrow)('nothrow')
      PsiElement(DLanguageTokenType.;)(';')
  DLanguageDeclarationImpl(DECLARATION)
    DLanguageImportDeclarationImpl(IMPORT_DECLARATION)
      PsiElement(DLanguageTokenType.import)('import')
      SINGLE_IMPORT
        DLanguageIdentifierChainImpl(IDENTIFIER_CHAIN)
          IDENTIFIER
            PsiElement(DLanguageTokenType.ID)('std')
          PsiElement(DLanguageTokenType..)('.')
          IDENTIFIER
            PsiElement(DLanguageTokenType.ID)('string')
      PsiElement(DLanguageTokenType.;)(';')
  DLanguageDeclarationImpl(DECLARATION)
    STRUCT_DECLARATION
      PsiElement(DLanguageTokenType.struct)('struct')
      IDENTIFIER
        PsiElement(DLanguageTokenType.ID)('MyString')
      DLanguageStructBodyImpl(STRUCT_BODY)
        PsiElement(DLanguageTokenType.{)('{')
        DLanguageDeclarationImpl(DECLARATION)
          DLanguageVariableDeclarationImpl(VARIABLE_DECLARATION)
            DLanguageTypeImpl(TYPE)
              DLanguageType_2Impl(TYPE_2)
                DLanguageSymbolImpl(SYMBOL)
                  DLanguageIdentifierOrTemplateChainImpl(IDENTIFIER_OR_TEMPLATE_CHAIN)
                    DLanguageIdentifierOrTemplateInstanceImpl(IDENTIFIER_OR_TEMPLATE_INSTANCE)
                      IDENTIFIER
                        PsiElement(DLanguageTokenType.ID)('string')
            DECLARATOR
              IDENTIFIER
                PsiElement(DLanguageTokenType.ID)('str')
            PsiElement(DLanguageTokenType.;)(';')
        DLanguageDeclarationImpl(DECLARATION)
          FUNCTION_DECLARATION
            DLanguageTypeImpl(TYPE)
              DLanguageType_2Impl(TYPE_2)
                DLanguageSymbolImpl(SYMBOL)
                  DLanguageIdentifierOrTemplateChainImpl(IDENTIFIER_OR_TEMPLATE_CHAIN)
                    DLanguageIdentifierOrTemplateInstanceImpl(IDENTIFIER_OR_TEMPLATE_INSTANCE)
                      IDENTIFIER
                        PsiElement(DLanguageTokenType.ID)('size_t')
            IDENTIFIER
              PsiElement(DLanguageTokenType.ID)('toHash')
            DLanguageParametersImpl(PARAMETERS)
              PsiElement(DLanguageTokenType.()('(')
              PsiElement(DLanguageTokenType.))(')')
            DLanguageMemberFunctionAttributeImpl(MEMBER_FUNCTION_ATTRIBUTE)
              PsiElement(DLanguageTokenType.const)('const')
            DLanguageMemberFunctionAttributeImpl(MEMBER_FUNCTION_ATTRIBUTE)
              DLanguageAtAttributeImpl(AT_ATTRIBUTE)
                PsiElement(DLanguageTokenType.@)('@')
                IDENTIFIER
                  PsiElement(DLanguageTokenType.ID)('safe')
            DLanguageMemberFunctionAttributeImpl(MEMBER_FUNCTION_ATTRIBUTE)
              PsiElement(DLanguageTokenType.pure)('pure')
            DLanguageMemberFunctionAttributeImpl(MEMBER_FUNCTION_ATTRIBUTE)
              PsiElement(DLanguageTokenType.nothrow)('nothrow')
            DLanguageFunctionBodyImpl(FUNCTION_BODY)
              DLanguageBlockStatementImpl(BLOCK_STATEMENT)
                PsiElement(DLanguageTokenType.{)('{')
                DLanguageDeclarationsAndStatementsImpl(DECLARATIONS_AND_STATEMENTS)
                  DLanguageDeclarationOrStatementImpl(DECLARATION_OR_STATEMENT)
                    DLanguageDeclarationImpl(DECLARATION)
                      DLanguageVariableDeclarationImpl(VARIABLE_DECLARATION)
                        DLanguageTypeImpl(TYPE)
                          DLanguageType_2Impl(TYPE_2)
                            DLanguageSymbolImpl(SYMBOL)
                              DLanguageIdentifierOrTemplateChainImpl(IDENTIFIER_OR_TEMPLATE_CHAIN)
                                DLanguageIdentifierOrTemplateInstanceImpl(IDENTIFIER_OR_TEMPLATE_INSTANCE)
                                  IDENTIFIER
                                    PsiElement(DLanguageTokenType.ID)('size_t')
                        DECLARATOR
                          IDENTIFIER
                            PsiElement(DLanguageTokenType.ID)('hash')
                        PsiElement(DLanguageTokenType.;)(';')
                  DLanguageDeclarationOrStatementImpl(DECLARATION_OR_STATEMENT)
                    DLanguageStatementImpl(STATEMENT)
                      DLanguageStatementNoCaseNoDefaultImpl(STATEMENT_NO_CASE_NO_DEFAULT)
                        DLanguageForeachStatementImpl(FOREACH_STATEMENT)
                          PsiElement(DLanguageTokenType.foreach)('foreach')
                          PsiElement(DLanguageTokenType.()('(')
                          DLanguageForeachTypeListImpl(FOREACH_TYPE_LIST)
                            FOREACH_TYPE
                              DLanguageTypeImpl(TYPE)
                                DLanguageType_2Impl(TYPE_2)
                                  DLanguageBuiltinTypeImpl(BUILTIN_TYPE)
                                    PsiElement(DLanguageTokenType.char)('char')
                              IDENTIFIER
                                PsiElement(DLanguageTokenType.ID)('c')
                          PsiElement(DLanguageTokenType.;)(';')
                          DLanguageExpressionImpl(EXPRESSION)
                            DLanguageAssignExpressionImpl(ASSIGN_EXPRESSION)
                              DLanguageCmpExpressionImpl(CMP_EXPRESSION)
                                DLanguageUnaryExpressionImpl(UNARY_EXPRESSION)
                                  DLanguagePrimaryExpressionImpl(PRIMARY_EXPRESSION)
                                    DLanguageIdentifierOrTemplateInstanceImpl(IDENTIFIER_OR_TEMPLATE_INSTANCE)
                                      IDENTIFIER
                                        PsiElement(DLanguageTokenType.ID)('str')
                          PsiElement(DLanguageTokenType.))(')')
                          DLanguageDeclarationOrStatementImpl(DECLARATION_OR_STATEMENT)
                            DLanguageStatementImpl(STATEMENT)
                              DLanguageStatementNoCaseNoDefaultImpl(STATEMENT_NO_CASE_NO_DEFAULT)
                                DLanguageExpressionStatementImpl(EXPRESSION_STATEMENT)
                                  DLanguageExpressionImpl(EXPRESSION)
                                    DLanguageAssignExpressionImpl(ASSIGN_EXPRESSION)
                                      DLanguageCmpExpressionImpl(CMP_EXPRESSION)
                                        DLanguageUnaryExpressionImpl(UNARY_EXPRESSION)
                                          DLanguagePrimaryExpressionImpl(PRIMARY_EXPRESSION)
                                            DLanguageIdentifierOrTemplateInstanceImpl(IDENTIFIER_OR_TEMPLATE_INSTANCE)
                                              IDENTIFIER
                                                PsiElement(DLanguageTokenType.ID)('hash')
                                      PsiElement(DLanguageTokenType.=)('=')
                                      DLanguageAssignExpressionImpl(ASSIGN_EXPRESSION)
                                        DLanguageCmpExpressionImpl(CMP_EXPRESSION)
                                          DLanguageAddExpressionImpl(ADD_EXPRESSION)
                                            DLanguageUnaryExpressionImpl(UNARY_EXPRESSION)
                                              DLanguagePrimaryExpressionImpl(PRIMARY_EXPRESSION)
                                                PsiElement(DLanguageTokenType.()('(')
                                                DLanguageExpressionImpl(EXPRESSION)
                                                  DLanguageAssignExpressionImpl(ASSIGN_EXPRESSION)
                                                    DLanguageCmpExpressionImpl(CMP_EXPRESSION)
                                                      DLanguageMulExpressionImpl(MUL_EXPRESSION)
                                                        DLanguageUnaryExpressionImpl(UNARY_EXPRESSION)
                                                          DLanguagePrimaryExpressionImpl(PRIMARY_EXPRESSION)
                                                            DLanguageIdentifierOrTemplateInstanceImpl(IDENTIFIER_OR_TEMPLATE_INSTANCE)
                                                              IDENTIFIER
                                                                PsiElement(DLanguageTokenType.ID)('hash')
                                                        PsiElement(DLanguageTokenType.*)('*')
                                                        DLanguageUnaryExpressionImpl(UNARY_EXPRESSION)
                                                          DLanguagePrimaryExpressionImpl(PRIMARY_EXPRESSION)
                                                            PsiElement(DLanguageTokenType.INTEGER_LITERAL)('9')
                                                PsiElement(DLanguageTokenType.))(')')
                                            PsiElement(DLanguageTokenType.+)('+')
                                            DLanguageUnaryExpressionImpl(UNARY_EXPRESSION)
                                              DLanguagePrimaryExpressionImpl(PRIMARY_EXPRESSION)
                                                DLanguageIdentifierOrTemplateInstanceImpl(IDENTIFIER_OR_TEMPLATE_INSTANCE)
                                                  IDENTIFIER
                                                    PsiElement(DLanguageTokenType.ID)('c')
                                  PsiElement(DLanguageTokenType.;)(';')
                  DLanguageDeclarationOrStatementImpl(DECLARATION_OR_STATEMENT)
                    DLanguageStatementImpl(STATEMENT)
                      DLanguageStatementNoCaseNoDefaultImpl(STATEMENT_NO_CASE_NO_DEFAULT)
                        DLanguageReturnStatementImpl(RETURN_STATEMENT)
                          PsiElement(DLanguageTokenType.return)('return')
                          DLanguageExpressionImpl(EXPRESSION)
                            DLanguageAssignExpressionImpl(ASSIGN_EXPRESSION)
                              DLanguageCmpExpressionImpl(CMP_EXPRESSION)
                                DLanguageUnaryExpressionImpl(UNARY_EXPRESSION)
                                  DLanguagePrimaryExpressionImpl(PRIMARY_EXPRESSION)
                                    DLanguageIdentifierOrTemplateInstanceImpl(IDENTIFIER_OR_TEMPLATE_INSTANCE)
                                      IDENTIFIER
                                        PsiElement(DLanguageTokenType.ID)('hash')
                          PsiElement(DLanguageTokenType.;)(';')
                PsiElement(DLanguageTokenType.})('}')
        DLanguageDeclarationImpl(DECLARATION)
          FUNCTION_DECLARATION
            DLanguageTypeImpl(TYPE)
              DLanguageType_2Impl(TYPE_2)
                DLanguageBuiltinTypeImpl(BUILTIN_TYPE)
                  PsiElement(DLanguageTokenType.bool)('bool')
            IDENTIFIER
              PsiElement(DLanguageTokenType.ID)('opEquals')
            DLanguageParametersImpl(PARAMETERS)
              PsiElement(DLanguageTokenType.()('(')
              PARAMETER
                PsiElement(DLanguageTokenType.ref)('ref')
                PsiElement(DLanguageTokenType.const)('const')
                DLanguageTypeImpl(TYPE)
                  DLanguageType_2Impl(TYPE_2)
                    DLanguageSymbolImpl(SYMBOL)
                      DLanguageIdentifierOrTemplateChainImpl(IDENTIFIER_OR_TEMPLATE_CHAIN)
                        DLanguageIdentifierOrTemplateInstanceImpl(IDENTIFIER_OR_TEMPLATE_INSTANCE)
                          IDENTIFIER
                            PsiElement(DLanguageTokenType.ID)('MyString')
                IDENTIFIER
                  PsiElement(DLanguageTokenType.ID)('s')
              PsiElement(DLanguageTokenType.))(')')
            DLanguageMemberFunctionAttributeImpl(MEMBER_FUNCTION_ATTRIBUTE)
              PsiElement(DLanguageTokenType.const)('const')
            DLanguageMemberFunctionAttributeImpl(MEMBER_FUNCTION_ATTRIBUTE)
              DLanguageAtAttributeImpl(AT_ATTRIBUTE)
                PsiElement(DLanguageTokenType.@)('@')
                IDENTIFIER
                  PsiElement(DLanguageTokenType.ID)('safe')
            DLanguageMemberFunctionAttributeImpl(MEMBER_FUNCTION_ATTRIBUTE)
              PsiElement(DLanguageTokenType.pure)('pure')
            DLanguageMemberFunctionAttributeImpl(MEMBER_FUNCTION_ATTRIBUTE)
              PsiElement(DLanguageTokenType.nothrow)('nothrow')
            DLanguageFunctionBodyImpl(FUNCTION_BODY)
              DLanguageBlockStatementImpl(BLOCK_STATEMENT)
                PsiElement(DLanguageTokenType.{)('{')
                DLanguageDeclarationsAndStatementsImpl(DECLARATIONS_AND_STATEMENTS)
                  DLanguageDeclarationOrStatementImpl(DECLARATION_OR_STATEMENT)
                    DLanguageStatementImpl(STATEMENT)
                      DLanguageStatementNoCaseNoDefaultImpl(STATEMENT_NO_CASE_NO_DEFAULT)
                        DLanguageReturnStatementImpl(RETURN_STATEMENT)
                          PsiElement(DLanguageTokenType.return)('return')
                          DLanguageExpressionImpl(EXPRESSION)
                            DLanguageAssignExpressionImpl(ASSIGN_EXPRESSION)
                              DLanguageCmpExpressionImpl(CMP_EXPRESSION)
                                DLanguageUnaryExpressionImpl(UNARY_EXPRESSION)
                                  DLanguageFunctionCallExpressionImpl(FUNCTION_CALL_EXPRESSION)
                                    DLanguageUnaryExpressionImpl(UNARY_EXPRESSION)
                                      DLanguagePrimaryExpressionImpl(PRIMARY_EXPRESSION)
                                        DLanguageIdentifierOrTemplateInstanceImpl(IDENTIFIER_OR_TEMPLATE_INSTANCE)
                                          IDENTIFIER
                                            PsiElement(DLanguageTokenType.ID)('std')
                                      PsiElement(DLanguageTokenType..)('.')
                                      DLanguageIdentifierOrTemplateInstanceImpl(IDENTIFIER_OR_TEMPLATE_INSTANCE)
                                        IDENTIFIER
                                          PsiElement(DLanguageTokenType.ID)('string')
                                      PsiElement(DLanguageTokenType..)('.')
                                      DLanguageIdentifierOrTemplateInstanceImpl(IDENTIFIER_OR_TEMPLATE_INSTANCE)
                                        IDENTIFIER
                                          PsiElement(DLanguageTokenType.ID)('cmp')
                                    DLanguageArgumentsImpl(ARGUMENTS)
                                      PsiElement(DLanguageTokenType.()('(')
                                      DLanguageArgumentListImpl(ARGUMENT_LIST)
                                        DLanguageAssignExpressionImpl(ASSIGN_EXPRESSION)
                                          DLanguageCmpExpressionImpl(CMP_EXPRESSION)
                                            DLanguageUnaryExpressionImpl(UNARY_EXPRESSION)
                                              DLanguagePrimaryExpressionImpl(PRIMARY_EXPRESSION)
                                                THIS_IDENTIFIER
                                                  PsiElement(DLanguageTokenType.this)('this')
                                              PsiElement(DLanguageTokenType..)('.')
                                              DLanguageIdentifierOrTemplateInstanceImpl(IDENTIFIER_OR_TEMPLATE_INSTANCE)
                                                IDENTIFIER
                                                  PsiElement(DLanguageTokenType.ID)('str')
                                        PsiElement(DLanguageTokenType.,)(',')
                                        DLanguageAssignExpressionImpl(ASSIGN_EXPRESSION)
                                          DLanguageCmpExpressionImpl(CMP_EXPRESSION)
                                            DLanguageUnaryExpressionImpl(UNARY_EXPRESSION)
                                              DLanguagePrimaryExpressionImpl(PRIMARY_EXPRESSION)
                                                DLanguageIdentifierOrTemplateInstanceImpl(IDENTIFIER_OR_TEMPLATE_INSTANCE)
                                                  IDENTIFIER
                                                    PsiElement(DLanguageTokenType.ID)('s')
                                              PsiElement(DLanguageTokenType..)('.')
                                              DLanguageIdentifierOrTemplateInstanceImpl(IDENTIFIER_OR_TEMPLATE_INSTANCE)
                                                IDENTIFIER
                                                  PsiElement(DLanguageTokenType.ID)('str')
                                      PsiElement(DLanguageTokenType.))(')')
                                DLanguageEqualExpressionImpl(EQUAL_EXPRESSION)
                                  PsiElement(DLanguageTokenType.==)('==')
                                  DLanguageUnaryExpressionImpl(UNARY_EXPRESSION)
                                    DLanguagePrimaryExpressionImpl(PRIMARY_EXPRESSION)
                                      PsiElement(DLanguageTokenType.INTEGER_LITERAL)('0')
                          PsiElement(DLanguageTokenType.;)(';')
                PsiElement(DLanguageTokenType.})('}')
        PsiElement(DLanguageTokenType.})('}')