D Language File
  DLanguageDeclarationImpl(DECLARATION)
    DLanguageClassDeclarationImpl(CLASS_DECLARATION)
      PsiElement(DLanguageTokenType.class)('class')
      INTERFACE_OR_CLASS
        IDENTIFIER
          PsiElement(DLanguageTokenType.ID)('Abc')
        DLanguageStructBodyImpl(STRUCT_BODY)
          PsiElement(DLanguageTokenType.{)('{')
          DLanguageDeclarationImpl(DECLARATION)
            DLanguageVariableDeclarationImpl(VARIABLE_DECLARATION)
              DLanguageTypeImpl(TYPE)
                DLanguageType_2Impl(TYPE_2)
                  DLanguageBuiltinTypeImpl(BUILTIN_TYPE)
                    PsiElement(DLanguageTokenType.int)('int')
              DECLARATOR
                IDENTIFIER
                  PsiElement(DLanguageTokenType.ID)('a')
              PsiElement(DLanguageTokenType.;)(';')
          PsiComment(DLanguageTokenType.LINE_COMMENT)('// default initializer for a is 0')
          DLanguageDeclarationImpl(DECLARATION)
            DLanguageVariableDeclarationImpl(VARIABLE_DECLARATION)
              DLanguageTypeImpl(TYPE)
                DLanguageType_2Impl(TYPE_2)
                  DLanguageBuiltinTypeImpl(BUILTIN_TYPE)
                    PsiElement(DLanguageTokenType.long)('long')
              DECLARATOR
                IDENTIFIER
                  PsiElement(DLanguageTokenType.ID)('b')
                PsiElement(DLanguageTokenType.=)('=')
                DLanguageInitializerImpl(INITIALIZER)
                  DLanguageNonVoidInitializerImpl(NON_VOID_INITIALIZER)
                    DLanguageAssignExpressionImpl(ASSIGN_EXPRESSION)
                      DLanguageCmpExpressionImpl(CMP_EXPRESSION)
                        DLanguageUnaryExpressionImpl(UNARY_EXPRESSION)
                          DLanguagePrimaryExpressionImpl(PRIMARY_EXPRESSION)
                            PsiElement(DLanguageTokenType.INTEGER_LITERAL)('7')
              PsiElement(DLanguageTokenType.;)(';')
          PsiComment(DLanguageTokenType.LINE_COMMENT)('// default initializer for b is 7')
          DLanguageDeclarationImpl(DECLARATION)
            DLanguageVariableDeclarationImpl(VARIABLE_DECLARATION)
              DLanguageTypeImpl(TYPE)
                DLanguageType_2Impl(TYPE_2)
                  DLanguageBuiltinTypeImpl(BUILTIN_TYPE)
                    PsiElement(DLanguageTokenType.float)('float')
              DECLARATOR
                IDENTIFIER
                  PsiElement(DLanguageTokenType.ID)('f')
              PsiElement(DLanguageTokenType.;)(';')
          PsiComment(DLanguageTokenType.LINE_COMMENT)('// default initializer for f is NAN')
          PsiElement(DLanguageTokenType.})('}')
  DLanguageDeclarationImpl(DECLARATION)
    DLanguageClassDeclarationImpl(CLASS_DECLARATION)
      PsiElement(DLanguageTokenType.class)('class')
      INTERFACE_OR_CLASS
        IDENTIFIER
          PsiElement(DLanguageTokenType.ID)('Foo')
        DLanguageStructBodyImpl(STRUCT_BODY)
          PsiElement(DLanguageTokenType.{)('{')
          DLanguageDeclarationImpl(DECLARATION)
            CONSTRUCTOR
              PsiElement(DLanguageTokenType.this)('this')
              DLanguageParametersImpl(PARAMETERS)
                PsiElement(DLanguageTokenType.()('(')
                PARAMETER
                  DLanguageTypeImpl(TYPE)
                    DLanguageType_2Impl(TYPE_2)
                      DLanguageBuiltinTypeImpl(BUILTIN_TYPE)
                        PsiElement(DLanguageTokenType.int)('int')
                  IDENTIFIER
                    PsiElement(DLanguageTokenType.ID)('x')
                PsiElement(DLanguageTokenType.))(')')
              PsiComment(DLanguageTokenType.LINE_COMMENT)('// declare constructor for Foo')
              DLanguageFunctionBodyImpl(FUNCTION_BODY)
                DLanguageBlockStatementImpl(BLOCK_STATEMENT)
                  PsiElement(DLanguageTokenType.{)('{')
                  PsiElement(DLanguageTokenType.})('}')
          DLanguageDeclarationImpl(DECLARATION)
            CONSTRUCTOR
              PsiElement(DLanguageTokenType.this)('this')
              DLanguageParametersImpl(PARAMETERS)
                PsiElement(DLanguageTokenType.()('(')
                PsiElement(DLanguageTokenType.))(')')
              DLanguageFunctionBodyImpl(FUNCTION_BODY)
                DLanguageBlockStatementImpl(BLOCK_STATEMENT)
                  PsiElement(DLanguageTokenType.{)('{')
                  PsiElement(DLanguageTokenType.})('}')
          PsiElement(DLanguageTokenType.})('}')
  DLanguageDeclarationImpl(DECLARATION)
    DLanguageClassDeclarationImpl(CLASS_DECLARATION)
      PsiElement(DLanguageTokenType.class)('class')
      INTERFACE_OR_CLASS
        IDENTIFIER
          PsiElement(DLanguageTokenType.ID)('A')
        DLanguageStructBodyImpl(STRUCT_BODY)
          PsiElement(DLanguageTokenType.{)('{')
          DLanguageDeclarationImpl(DECLARATION)
            CONSTRUCTOR
              PsiElement(DLanguageTokenType.this)('this')
              DLanguageParametersImpl(PARAMETERS)
                PsiElement(DLanguageTokenType.()('(')
                PARAMETER
                  DLanguageTypeImpl(TYPE)
                    DLanguageType_2Impl(TYPE_2)
                      DLanguageBuiltinTypeImpl(BUILTIN_TYPE)
                        PsiElement(DLanguageTokenType.int)('int')
                  IDENTIFIER
                    PsiElement(DLanguageTokenType.ID)('y')
                PsiElement(DLanguageTokenType.))(')')
              DLanguageFunctionBodyImpl(FUNCTION_BODY)
                DLanguageBlockStatementImpl(BLOCK_STATEMENT)
                  PsiElement(DLanguageTokenType.{)('{')
                  PsiElement(DLanguageTokenType.})('}')
          PsiElement(DLanguageTokenType.})('}')
  DLanguageDeclarationImpl(DECLARATION)
    DLanguageClassDeclarationImpl(CLASS_DECLARATION)
      PsiElement(DLanguageTokenType.class)('class')
      INTERFACE_OR_CLASS
        IDENTIFIER
          PsiElement(DLanguageTokenType.ID)('B')
        PsiElement(DLanguageTokenType.:)(':')
        DLanguageBaseClassListImpl(BASE_CLASS_LIST)
          DLanguageBaseClassImpl(BASE_CLASS)
            DLanguageType_2Impl(TYPE_2)
              DLanguageSymbolImpl(SYMBOL)
                DLanguageIdentifierOrTemplateChainImpl(IDENTIFIER_OR_TEMPLATE_CHAIN)
                  DLanguageIdentifierOrTemplateInstanceImpl(IDENTIFIER_OR_TEMPLATE_INSTANCE)
                    IDENTIFIER
                      PsiElement(DLanguageTokenType.ID)('A')
        DLanguageStructBodyImpl(STRUCT_BODY)
          PsiElement(DLanguageTokenType.{)('{')
          DLanguageDeclarationImpl(DECLARATION)
            DLanguageVariableDeclarationImpl(VARIABLE_DECLARATION)
              DLanguageTypeImpl(TYPE)
                DLanguageType_2Impl(TYPE_2)
                  DLanguageBuiltinTypeImpl(BUILTIN_TYPE)
                    PsiElement(DLanguageTokenType.int)('int')
              DECLARATOR
                IDENTIFIER
                  PsiElement(DLanguageTokenType.ID)('j')
              PsiElement(DLanguageTokenType.;)(';')
          DLanguageDeclarationImpl(DECLARATION)
            CONSTRUCTOR
              PsiElement(DLanguageTokenType.this)('this')
              DLanguageParametersImpl(PARAMETERS)
                PsiElement(DLanguageTokenType.()('(')
                PsiElement(DLanguageTokenType.))(')')
              DLanguageFunctionBodyImpl(FUNCTION_BODY)
                DLanguageBlockStatementImpl(BLOCK_STATEMENT)
                  PsiElement(DLanguageTokenType.{)('{')
                  DLanguageDeclarationsAndStatementsImpl(DECLARATIONS_AND_STATEMENTS)
                    DLanguageDeclarationOrStatementImpl(DECLARATION_OR_STATEMENT)
                      DLanguageStatementImpl(STATEMENT)
                        DLanguageStatementNoCaseNoDefaultImpl(STATEMENT_NO_CASE_NO_DEFAULT)
                          DLanguageExpressionStatementImpl(EXPRESSION_STATEMENT)
                            DLanguageExpressionImpl(EXPRESSION)
                              DLanguageAssignExpressionImpl(ASSIGN_EXPRESSION)
                                DLanguageCmpExpressionImpl(CMP_EXPRESSION)
                                  DLanguageUnaryExpressionImpl(UNARY_EXPRESSION)
                                    DLanguageFunctionCallExpressionImpl(FUNCTION_CALL_EXPRESSION)
                                      DLanguageUnaryExpressionImpl(UNARY_EXPRESSION)
                                        DLanguagePrimaryExpressionImpl(PRIMARY_EXPRESSION)
                                          SUPER_IDENTIFIER
                                            PsiElement(DLanguageTokenType.super)('super')
                                      DLanguageArgumentsImpl(ARGUMENTS)
                                        PsiElement(DLanguageTokenType.()('(')
                                        DLanguageArgumentListImpl(ARGUMENT_LIST)
                                          DLanguageAssignExpressionImpl(ASSIGN_EXPRESSION)
                                            DLanguageCmpExpressionImpl(CMP_EXPRESSION)
                                              DLanguageUnaryExpressionImpl(UNARY_EXPRESSION)
                                                DLanguagePrimaryExpressionImpl(PRIMARY_EXPRESSION)
                                                  PsiElement(DLanguageTokenType.INTEGER_LITERAL)('3')
                                        PsiElement(DLanguageTokenType.))(')')
                            PsiElement(DLanguageTokenType.;)(';')
                  PsiComment(DLanguageTokenType.LINE_COMMENT)('// call base constructor A.this(3)')
                  PsiElement(DLanguageTokenType.})('}')
          PsiElement(DLanguageTokenType.})('}')
  DLanguageDeclarationImpl(DECLARATION)
    DLanguageClassDeclarationImpl(CLASS_DECLARATION)
      PsiElement(DLanguageTokenType.class)('class')
      INTERFACE_OR_CLASS
        IDENTIFIER
          PsiElement(DLanguageTokenType.ID)('C')
        DLanguageStructBodyImpl(STRUCT_BODY)
          PsiElement(DLanguageTokenType.{)('{')
          DLanguageDeclarationImpl(DECLARATION)
            DLanguageVariableDeclarationImpl(VARIABLE_DECLARATION)
              DLanguageTypeImpl(TYPE)
                DLanguageType_2Impl(TYPE_2)
                  DLanguageBuiltinTypeImpl(BUILTIN_TYPE)
                    PsiElement(DLanguageTokenType.int)('int')
              DECLARATOR
                IDENTIFIER
                  PsiElement(DLanguageTokenType.ID)('j')
              PsiElement(DLanguageTokenType.;)(';')
          DLanguageDeclarationImpl(DECLARATION)
            CONSTRUCTOR
              PsiElement(DLanguageTokenType.this)('this')
              DLanguageParametersImpl(PARAMETERS)
                PsiElement(DLanguageTokenType.()('(')
                PsiElement(DLanguageTokenType.))(')')
              DLanguageFunctionBodyImpl(FUNCTION_BODY)
                DLanguageBlockStatementImpl(BLOCK_STATEMENT)
                  PsiElement(DLanguageTokenType.{)('{')
                  PsiElement(DLanguageTokenType.})('}')
          DLanguageDeclarationImpl(DECLARATION)
            CONSTRUCTOR
              PsiElement(DLanguageTokenType.this)('this')
              DLanguageParametersImpl(PARAMETERS)
                PsiElement(DLanguageTokenType.()('(')
                PARAMETER
                  DLanguageTypeImpl(TYPE)
                    DLanguageType_2Impl(TYPE_2)
                      DLanguageBuiltinTypeImpl(BUILTIN_TYPE)
                        PsiElement(DLanguageTokenType.int)('int')
                  IDENTIFIER
                    PsiElement(DLanguageTokenType.ID)('i')
                PsiElement(DLanguageTokenType.))(')')
              DLanguageFunctionBodyImpl(FUNCTION_BODY)
                DLanguageBlockStatementImpl(BLOCK_STATEMENT)
                  PsiElement(DLanguageTokenType.{)('{')
                  DLanguageDeclarationsAndStatementsImpl(DECLARATIONS_AND_STATEMENTS)
                    DLanguageDeclarationOrStatementImpl(DECLARATION_OR_STATEMENT)
                      DLanguageDeclarationImpl(DECLARATION)
                        CONSTRUCTOR
                          PsiElement(DLanguageTokenType.this)('this')
                          DLanguageParametersImpl(PARAMETERS)
                            PsiElement(DLanguageTokenType.()('(')
                            PsiElement(DLanguageTokenType.))(')')
                          PsiElement(DLanguageTokenType.;)(';')
                    DLanguageDeclarationOrStatementImpl(DECLARATION_OR_STATEMENT)
                      DLanguageStatementImpl(STATEMENT)
                        DLanguageStatementNoCaseNoDefaultImpl(STATEMENT_NO_CASE_NO_DEFAULT)
                          DLanguageExpressionStatementImpl(EXPRESSION_STATEMENT)
                            DLanguageExpressionImpl(EXPRESSION)
                              DLanguageAssignExpressionImpl(ASSIGN_EXPRESSION)
                                DLanguageCmpExpressionImpl(CMP_EXPRESSION)
                                  DLanguageUnaryExpressionImpl(UNARY_EXPRESSION)
                                    DLanguagePrimaryExpressionImpl(PRIMARY_EXPRESSION)
                                      DLanguageIdentifierOrTemplateInstanceImpl(IDENTIFIER_OR_TEMPLATE_INSTANCE)
                                        IDENTIFIER
                                          PsiElement(DLanguageTokenType.ID)('j')
                                PsiElement(DLanguageTokenType.=)('=')
                                DLanguageAssignExpressionImpl(ASSIGN_EXPRESSION)
                                  DLanguageCmpExpressionImpl(CMP_EXPRESSION)
                                    DLanguageUnaryExpressionImpl(UNARY_EXPRESSION)
                                      DLanguagePrimaryExpressionImpl(PRIMARY_EXPRESSION)
                                        DLanguageIdentifierOrTemplateInstanceImpl(IDENTIFIER_OR_TEMPLATE_INSTANCE)
                                          IDENTIFIER
                                            PsiElement(DLanguageTokenType.ID)('i')
                            PsiElement(DLanguageTokenType.;)(';')
                  PsiElement(DLanguageTokenType.})('}')
          PsiElement(DLanguageTokenType.})('}')
  DLanguageDeclarationImpl(DECLARATION)
    DLanguageClassDeclarationImpl(CLASS_DECLARATION)
      PsiElement(DLanguageTokenType.class)('class')
      INTERFACE_OR_CLASS
        IDENTIFIER
          PsiElement(DLanguageTokenType.ID)('C')
        DLanguageStructBodyImpl(STRUCT_BODY)
          PsiElement(DLanguageTokenType.{)('{')
          DLanguageDeclarationImpl(DECLARATION)
            CONSTRUCTOR
              PsiElement(DLanguageTokenType.this)('this')
              DLanguageParametersImpl(PARAMETERS)
                PsiElement(DLanguageTokenType.()('(')
                PsiElement(DLanguageTokenType.))(')')
              PsiElement(DLanguageTokenType.;)(';')
          PsiComment(DLanguageTokenType.LINE_COMMENT)('// non-shared mutable constructor')
          PsiElement(DLanguageTokenType.})('}')
  PsiComment(DLanguageTokenType.LINE_COMMENT)('// create mutable object')
  DLanguageDeclarationImpl(DECLARATION)
    DLanguageVariableDeclarationImpl(VARIABLE_DECLARATION)
      DLanguageTypeImpl(TYPE)
        DLanguageType_2Impl(TYPE_2)
          DLanguageSymbolImpl(SYMBOL)
            DLanguageIdentifierOrTemplateChainImpl(IDENTIFIER_OR_TEMPLATE_CHAIN)
              DLanguageIdentifierOrTemplateInstanceImpl(IDENTIFIER_OR_TEMPLATE_INSTANCE)
                IDENTIFIER
                  PsiElement(DLanguageTokenType.ID)('C')
      DECLARATOR
        IDENTIFIER
          PsiElement(DLanguageTokenType.ID)('m')
        PsiElement(DLanguageTokenType.=)('=')
        DLanguageInitializerImpl(INITIALIZER)
          DLanguageNonVoidInitializerImpl(NON_VOID_INITIALIZER)
            DLanguageAssignExpressionImpl(ASSIGN_EXPRESSION)
              DLanguageCmpExpressionImpl(CMP_EXPRESSION)
                DLanguageUnaryExpressionImpl(UNARY_EXPRESSION)
                  DLanguageNewExpressionImpl(NEW_EXPRESSION)
                    PsiElement(DLanguageTokenType.new)('new')
                    DLanguageTypeImpl(TYPE)
                      DLanguageType_2Impl(TYPE_2)
                        DLanguageSymbolImpl(SYMBOL)
                          DLanguageIdentifierOrTemplateChainImpl(IDENTIFIER_OR_TEMPLATE_CHAIN)
                            DLanguageIdentifierOrTemplateInstanceImpl(IDENTIFIER_OR_TEMPLATE_INSTANCE)
                              IDENTIFIER
                                PsiElement(DLanguageTokenType.ID)('C')
                    DLanguageArgumentsImpl(ARGUMENTS)
                      PsiElement(DLanguageTokenType.()('(')
                      PsiElement(DLanguageTokenType.))(')')
      PsiElement(DLanguageTokenType.;)(';')
  PsiComment(DLanguageTokenType.LINE_COMMENT)('// create const object using by mutable constructor')
  DLanguageDeclarationImpl(DECLARATION)
    DLanguageAttributeImpl(ATTRIBUTE)
      PsiElement(DLanguageTokenType.const)('const')
    DLanguageVariableDeclarationImpl(VARIABLE_DECLARATION)
      DLanguageTypeImpl(TYPE)
        DLanguageType_2Impl(TYPE_2)
          DLanguageSymbolImpl(SYMBOL)
            DLanguageIdentifierOrTemplateChainImpl(IDENTIFIER_OR_TEMPLATE_CHAIN)
              DLanguageIdentifierOrTemplateInstanceImpl(IDENTIFIER_OR_TEMPLATE_INSTANCE)
                IDENTIFIER
                  PsiElement(DLanguageTokenType.ID)('C')
      DECLARATOR
        IDENTIFIER
          PsiElement(DLanguageTokenType.ID)('c2')
        PsiElement(DLanguageTokenType.=)('=')
        DLanguageInitializerImpl(INITIALIZER)
          DLanguageNonVoidInitializerImpl(NON_VOID_INITIALIZER)
            DLanguageAssignExpressionImpl(ASSIGN_EXPRESSION)
              DLanguageCmpExpressionImpl(CMP_EXPRESSION)
                DLanguageUnaryExpressionImpl(UNARY_EXPRESSION)
                  DLanguageNewExpressionImpl(NEW_EXPRESSION)
                    PsiElement(DLanguageTokenType.new)('new')
                    DLanguageTypeImpl(TYPE)
                      PsiElement(DLanguageTokenType.const)('const')
                      DLanguageType_2Impl(TYPE_2)
                        DLanguageSymbolImpl(SYMBOL)
                          DLanguageIdentifierOrTemplateChainImpl(IDENTIFIER_OR_TEMPLATE_CHAIN)
                            DLanguageIdentifierOrTemplateInstanceImpl(IDENTIFIER_OR_TEMPLATE_INSTANCE)
                              IDENTIFIER
                                PsiElement(DLanguageTokenType.ID)('C')
                    DLanguageArgumentsImpl(ARGUMENTS)
                      PsiElement(DLanguageTokenType.()('(')
                      PsiElement(DLanguageTokenType.))(')')
      PsiElement(DLanguageTokenType.;)(';')
  DLanguageDeclarationImpl(DECLARATION)
    DLanguageClassDeclarationImpl(CLASS_DECLARATION)
      PsiElement(DLanguageTokenType.class)('class')
      INTERFACE_OR_CLASS
        IDENTIFIER
          PsiElement(DLanguageTokenType.ID)('C')
        DLanguageStructBodyImpl(STRUCT_BODY)
          PsiElement(DLanguageTokenType.{)('{')
          DLanguageDeclarationImpl(DECLARATION)
            CONSTRUCTOR
              PsiElement(DLanguageTokenType.this)('this')
              DLanguageParametersImpl(PARAMETERS)
                PsiElement(DLanguageTokenType.()('(')
                PsiElement(DLanguageTokenType.))(')')
              PsiElement(DLanguageTokenType.;)(';')
          PsiComment(DLanguageTokenType.LINE_COMMENT)('// non-shared mutable constructor')
          DLanguageDeclarationImpl(DECLARATION)
            CONSTRUCTOR
              PsiElement(DLanguageTokenType.this)('this')
              DLanguageParametersImpl(PARAMETERS)
                PsiElement(DLanguageTokenType.()('(')
                PsiElement(DLanguageTokenType.))(')')
              DLanguageMemberFunctionAttributeImpl(MEMBER_FUNCTION_ATTRIBUTE)
                PsiElement(DLanguageTokenType.shared)('shared')
              PsiElement(DLanguageTokenType.;)(';')
          PsiComment(DLanguageTokenType.LINE_COMMENT)('// shared mutable constructor')
          DLanguageDeclarationImpl(DECLARATION)
            CONSTRUCTOR
              PsiElement(DLanguageTokenType.this)('this')
              DLanguageParametersImpl(PARAMETERS)
                PsiElement(DLanguageTokenType.()('(')
                PsiElement(DLanguageTokenType.))(')')
              DLanguageMemberFunctionAttributeImpl(MEMBER_FUNCTION_ATTRIBUTE)
                PsiElement(DLanguageTokenType.immutable)('immutable')
              PsiElement(DLanguageTokenType.;)(';')
          PsiComment(DLanguageTokenType.LINE_COMMENT)('// immutable constructor')
          PsiElement(DLanguageTokenType.})('}')
  DLanguageDeclarationImpl(DECLARATION)
    DLanguageVariableDeclarationImpl(VARIABLE_DECLARATION)
      DLanguageTypeImpl(TYPE)
        DLanguageType_2Impl(TYPE_2)
          DLanguageSymbolImpl(SYMBOL)
            DLanguageIdentifierOrTemplateChainImpl(IDENTIFIER_OR_TEMPLATE_CHAIN)
              DLanguageIdentifierOrTemplateInstanceImpl(IDENTIFIER_OR_TEMPLATE_INSTANCE)
                IDENTIFIER
                  PsiElement(DLanguageTokenType.ID)('C')
      DECLARATOR
        IDENTIFIER
          PsiElement(DLanguageTokenType.ID)('m')
        PsiElement(DLanguageTokenType.=)('=')
        DLanguageInitializerImpl(INITIALIZER)
          DLanguageNonVoidInitializerImpl(NON_VOID_INITIALIZER)
            DLanguageAssignExpressionImpl(ASSIGN_EXPRESSION)
              DLanguageCmpExpressionImpl(CMP_EXPRESSION)
                DLanguageUnaryExpressionImpl(UNARY_EXPRESSION)
                  DLanguageNewExpressionImpl(NEW_EXPRESSION)
                    PsiElement(DLanguageTokenType.new)('new')
                    DLanguageTypeImpl(TYPE)
                      DLanguageType_2Impl(TYPE_2)
                        DLanguageSymbolImpl(SYMBOL)
                          DLanguageIdentifierOrTemplateChainImpl(IDENTIFIER_OR_TEMPLATE_CHAIN)
                            DLanguageIdentifierOrTemplateInstanceImpl(IDENTIFIER_OR_TEMPLATE_INSTANCE)
                              IDENTIFIER
                                PsiElement(DLanguageTokenType.ID)('C')
                    DLanguageArgumentsImpl(ARGUMENTS)
                      PsiElement(DLanguageTokenType.()('(')
                      PsiElement(DLanguageTokenType.))(')')
      PsiElement(DLanguageTokenType.;)(';')
  DLanguageDeclarationImpl(DECLARATION)
    DLanguageVariableDeclarationImpl(VARIABLE_DECLARATION)
      DLanguageAutoDeclarationImpl(AUTO_DECLARATION)
        DLanguageStorageClassImpl(STORAGE_CLASS)
          PsiElement(DLanguageTokenType.shared)('shared')
        AUTO_DECLARATION_PART
          IDENTIFIER
            PsiElement(DLanguageTokenType.ID)('s')
          PsiElement(DLanguageTokenType.=)('=')
          DLanguageInitializerImpl(INITIALIZER)
            DLanguageNonVoidInitializerImpl(NON_VOID_INITIALIZER)
              DLanguageAssignExpressionImpl(ASSIGN_EXPRESSION)
                DLanguageCmpExpressionImpl(CMP_EXPRESSION)
                  DLanguageUnaryExpressionImpl(UNARY_EXPRESSION)
                    DLanguageNewExpressionImpl(NEW_EXPRESSION)
                      PsiElement(DLanguageTokenType.new)('new')
                      DLanguageTypeImpl(TYPE)
                        PsiElement(DLanguageTokenType.shared)('shared')
                        DLanguageType_2Impl(TYPE_2)
                          DLanguageSymbolImpl(SYMBOL)
                            DLanguageIdentifierOrTemplateChainImpl(IDENTIFIER_OR_TEMPLATE_CHAIN)
                              DLanguageIdentifierOrTemplateInstanceImpl(IDENTIFIER_OR_TEMPLATE_INSTANCE)
                                IDENTIFIER
                                  PsiElement(DLanguageTokenType.ID)('C')
                      DLanguageArgumentsImpl(ARGUMENTS)
                        PsiElement(DLanguageTokenType.()('(')
                        PsiElement(DLanguageTokenType.))(')')
        PsiElement(DLanguageTokenType.;)(';')
  DLanguageDeclarationImpl(DECLARATION)
    DLanguageVariableDeclarationImpl(VARIABLE_DECLARATION)
      DLanguageAutoDeclarationImpl(AUTO_DECLARATION)
        DLanguageStorageClassImpl(STORAGE_CLASS)
          PsiElement(DLanguageTokenType.immutable)('immutable')
        AUTO_DECLARATION_PART
          IDENTIFIER
            PsiElement(DLanguageTokenType.ID)('i')
          PsiElement(DLanguageTokenType.=)('=')
          DLanguageInitializerImpl(INITIALIZER)
            DLanguageNonVoidInitializerImpl(NON_VOID_INITIALIZER)
              DLanguageAssignExpressionImpl(ASSIGN_EXPRESSION)
                DLanguageCmpExpressionImpl(CMP_EXPRESSION)
                  DLanguageUnaryExpressionImpl(UNARY_EXPRESSION)
                    DLanguageNewExpressionImpl(NEW_EXPRESSION)
                      PsiElement(DLanguageTokenType.new)('new')
                      DLanguageTypeImpl(TYPE)
                        PsiElement(DLanguageTokenType.immutable)('immutable')
                        DLanguageType_2Impl(TYPE_2)
                          DLanguageSymbolImpl(SYMBOL)
                            DLanguageIdentifierOrTemplateChainImpl(IDENTIFIER_OR_TEMPLATE_CHAIN)
                              DLanguageIdentifierOrTemplateInstanceImpl(IDENTIFIER_OR_TEMPLATE_INSTANCE)
                                IDENTIFIER
                                  PsiElement(DLanguageTokenType.ID)('C')
                      DLanguageArgumentsImpl(ARGUMENTS)
                        PsiElement(DLanguageTokenType.()('(')
                        PsiElement(DLanguageTokenType.))(')')
        PsiElement(DLanguageTokenType.;)(';')
  DLanguageDeclarationImpl(DECLARATION)
    DLanguageClassDeclarationImpl(CLASS_DECLARATION)
      PsiElement(DLanguageTokenType.class)('class')
      INTERFACE_OR_CLASS
        IDENTIFIER
          PsiElement(DLanguageTokenType.ID)('C')
        DLanguageStructBodyImpl(STRUCT_BODY)
          PsiElement(DLanguageTokenType.{)('{')
          DLanguageDeclarationImpl(DECLARATION)
            CONSTRUCTOR
              PsiElement(DLanguageTokenType.this)('this')
              DLanguageParametersImpl(PARAMETERS)
                PsiElement(DLanguageTokenType.()('(')
                PsiElement(DLanguageTokenType.))(')')
              DLanguageMemberFunctionAttributeImpl(MEMBER_FUNCTION_ATTRIBUTE)
                PsiElement(DLanguageTokenType.pure)('pure')
              PsiElement(DLanguageTokenType.;)(';')
          PsiComment(DLanguageTokenType.LINE_COMMENT)('// Based on the definition, this creates a mutable object. But the')
          PsiComment(DLanguageTokenType.LINE_COMMENT)('// created object cannot contain any mutable global data.')
          PsiComment(DLanguageTokenType.LINE_COMMENT)('// Then compiler can guarantee that the created object is unique.')
          DLanguageDeclarationImpl(DECLARATION)
            CONSTRUCTOR
              PsiElement(DLanguageTokenType.this)('this')
              DLanguageParametersImpl(PARAMETERS)
                PsiElement(DLanguageTokenType.()('(')
                PARAMETER
                  DLanguageTypeImpl(TYPE)
                    DLanguageType_2Impl(TYPE_2)
                      DLanguageBuiltinTypeImpl(BUILTIN_TYPE)
                        PsiElement(DLanguageTokenType.int)('int')
                    DLanguageTypeSuffixImpl(TYPE_SUFFIX)
                      PsiElement(DLanguageTokenType.[)('[')
                      PsiElement(DLanguageTokenType.])(']')
                  IDENTIFIER
                    PsiElement(DLanguageTokenType.ID)('arr')
                PsiElement(DLanguageTokenType.))(')')
              DLanguageMemberFunctionAttributeImpl(MEMBER_FUNCTION_ATTRIBUTE)
                PsiElement(DLanguageTokenType.immutable)('immutable')
              DLanguageMemberFunctionAttributeImpl(MEMBER_FUNCTION_ATTRIBUTE)
                PsiElement(DLanguageTokenType.pure)('pure')
              PsiElement(DLanguageTokenType.;)(';')
          PsiComment(DLanguageTokenType.LINE_COMMENT)('// Based on the definition, this creates an immutable object. But')
          PsiComment(DLanguageTokenType.LINE_COMMENT)('// the argument int[] never appears in the created object so it')
          PsiComment(DLanguageTokenType.LINE_COMMENT)('// isn't implicitly convertible to immutable. Also, it cannot store')
          PsiComment(DLanguageTokenType.LINE_COMMENT)('// any immutable global data.')
          PsiComment(DLanguageTokenType.LINE_COMMENT)('// Therefore the compiler can guarantee that the created object is')
          PsiComment(DLanguageTokenType.LINE_COMMENT)('// unique.')
          PsiElement(DLanguageTokenType.})('}')
  DLanguageDeclarationImpl(DECLARATION)
    DLanguageVariableDeclarationImpl(VARIABLE_DECLARATION)
      DLanguageAutoDeclarationImpl(AUTO_DECLARATION)
        DLanguageStorageClassImpl(STORAGE_CLASS)
          PsiElement(DLanguageTokenType.immutable)('immutable')
        AUTO_DECLARATION_PART
          IDENTIFIER
            PsiElement(DLanguageTokenType.ID)('i')
          PsiElement(DLanguageTokenType.=)('=')
          DLanguageInitializerImpl(INITIALIZER)
            DLanguageNonVoidInitializerImpl(NON_VOID_INITIALIZER)
              DLanguageAssignExpressionImpl(ASSIGN_EXPRESSION)
                DLanguageCmpExpressionImpl(CMP_EXPRESSION)
                  DLanguageUnaryExpressionImpl(UNARY_EXPRESSION)
                    DLanguageNewExpressionImpl(NEW_EXPRESSION)
                      PsiElement(DLanguageTokenType.new)('new')
                      DLanguageTypeImpl(TYPE)
                        PsiElement(DLanguageTokenType.immutable)('immutable')
                        DLanguageType_2Impl(TYPE_2)
                          DLanguageSymbolImpl(SYMBOL)
                            DLanguageIdentifierOrTemplateChainImpl(IDENTIFIER_OR_TEMPLATE_CHAIN)
                              DLanguageIdentifierOrTemplateInstanceImpl(IDENTIFIER_OR_TEMPLATE_INSTANCE)
                                IDENTIFIER
                                  PsiElement(DLanguageTokenType.ID)('C')
                      DLanguageArgumentsImpl(ARGUMENTS)
                        PsiElement(DLanguageTokenType.()('(')
                        PsiElement(DLanguageTokenType.))(')')
        PsiElement(DLanguageTokenType.;)(';')
  PsiComment(DLanguageTokenType.LINE_COMMENT)('// this() pure is called')
  DLanguageDeclarationImpl(DECLARATION)
    DLanguageVariableDeclarationImpl(VARIABLE_DECLARATION)
      DLanguageAutoDeclarationImpl(AUTO_DECLARATION)
        DLanguageStorageClassImpl(STORAGE_CLASS)
          PsiElement(DLanguageTokenType.shared)('shared')
        AUTO_DECLARATION_PART
          IDENTIFIER
            PsiElement(DLanguageTokenType.ID)('s')
          PsiElement(DLanguageTokenType.=)('=')
          DLanguageInitializerImpl(INITIALIZER)
            DLanguageNonVoidInitializerImpl(NON_VOID_INITIALIZER)
              DLanguageAssignExpressionImpl(ASSIGN_EXPRESSION)
                DLanguageCmpExpressionImpl(CMP_EXPRESSION)
                  DLanguageUnaryExpressionImpl(UNARY_EXPRESSION)
                    DLanguageNewExpressionImpl(NEW_EXPRESSION)
                      PsiElement(DLanguageTokenType.new)('new')
                      DLanguageTypeImpl(TYPE)
                        PsiElement(DLanguageTokenType.shared)('shared')
                        DLanguageType_2Impl(TYPE_2)
                          DLanguageSymbolImpl(SYMBOL)
                            DLanguageIdentifierOrTemplateChainImpl(IDENTIFIER_OR_TEMPLATE_CHAIN)
                              DLanguageIdentifierOrTemplateInstanceImpl(IDENTIFIER_OR_TEMPLATE_INSTANCE)
                                IDENTIFIER
                                  PsiElement(DLanguageTokenType.ID)('C')
                      DLanguageArgumentsImpl(ARGUMENTS)
                        PsiElement(DLanguageTokenType.()('(')
                        PsiElement(DLanguageTokenType.))(')')
        PsiElement(DLanguageTokenType.;)(';')
  PsiComment(DLanguageTokenType.LINE_COMMENT)('// this() pure is called')
  DLanguageDeclarationImpl(DECLARATION)
    DLanguageVariableDeclarationImpl(VARIABLE_DECLARATION)
      DLanguageTypeImpl(TYPE)
        DLanguageType_2Impl(TYPE_2)
          DLanguageSymbolImpl(SYMBOL)
            DLanguageIdentifierOrTemplateChainImpl(IDENTIFIER_OR_TEMPLATE_CHAIN)
              DLanguageIdentifierOrTemplateInstanceImpl(IDENTIFIER_OR_TEMPLATE_INSTANCE)
                IDENTIFIER
                  PsiElement(DLanguageTokenType.ID)('C')
      DECLARATOR
        IDENTIFIER
          PsiElement(DLanguageTokenType.ID)('m')
        PsiElement(DLanguageTokenType.=)('=')
        DLanguageInitializerImpl(INITIALIZER)
          DLanguageNonVoidInitializerImpl(NON_VOID_INITIALIZER)
            DLanguageAssignExpressionImpl(ASSIGN_EXPRESSION)
              DLanguageCmpExpressionImpl(CMP_EXPRESSION)
                DLanguageUnaryExpressionImpl(UNARY_EXPRESSION)
                  DLanguageNewExpressionImpl(NEW_EXPRESSION)
                    PsiElement(DLanguageTokenType.new)('new')
                    DLanguageTypeImpl(TYPE)
                      DLanguageType_2Impl(TYPE_2)
                        DLanguageSymbolImpl(SYMBOL)
                          DLanguageIdentifierOrTemplateChainImpl(IDENTIFIER_OR_TEMPLATE_CHAIN)
                            DLanguageIdentifierOrTemplateInstanceImpl(IDENTIFIER_OR_TEMPLATE_INSTANCE)
                              IDENTIFIER
                                PsiElement(DLanguageTokenType.ID)('C')
                    DLanguageArgumentsImpl(ARGUMENTS)
                      PsiElement(DLanguageTokenType.()('(')
                      DLanguageArgumentListImpl(ARGUMENT_LIST)
                        DLanguageAssignExpressionImpl(ASSIGN_EXPRESSION)
                          DLanguageCmpExpressionImpl(CMP_EXPRESSION)
                            DLanguageUnaryExpressionImpl(UNARY_EXPRESSION)
                              DLanguagePrimaryExpressionImpl(PRIMARY_EXPRESSION)
                                DLanguageArrayLiteralImpl(ARRAY_LITERAL)
                                  PsiElement(DLanguageTokenType.[)('[')
                                  DLanguageArgumentListImpl(ARGUMENT_LIST)
                                    DLanguageAssignExpressionImpl(ASSIGN_EXPRESSION)
                                      DLanguageCmpExpressionImpl(CMP_EXPRESSION)
                                        DLanguageUnaryExpressionImpl(UNARY_EXPRESSION)
                                          DLanguagePrimaryExpressionImpl(PRIMARY_EXPRESSION)
                                            PsiElement(DLanguageTokenType.INTEGER_LITERAL)('1')
                                    PsiElement(DLanguageTokenType.,)(',')
                                    DLanguageAssignExpressionImpl(ASSIGN_EXPRESSION)
                                      DLanguageCmpExpressionImpl(CMP_EXPRESSION)
                                        DLanguageUnaryExpressionImpl(UNARY_EXPRESSION)
                                          DLanguagePrimaryExpressionImpl(PRIMARY_EXPRESSION)
                                            PsiElement(DLanguageTokenType.INTEGER_LITERAL)('2')
                                    PsiElement(DLanguageTokenType.,)(',')
                                    DLanguageAssignExpressionImpl(ASSIGN_EXPRESSION)
                                      DLanguageCmpExpressionImpl(CMP_EXPRESSION)
                                        DLanguageUnaryExpressionImpl(UNARY_EXPRESSION)
                                          DLanguagePrimaryExpressionImpl(PRIMARY_EXPRESSION)
                                            PsiElement(DLanguageTokenType.INTEGER_LITERAL)('3')
                                  PsiElement(DLanguageTokenType.])(']')
                      PsiElement(DLanguageTokenType.))(')')
      PsiElement(DLanguageTokenType.;)(';')
  PsiComment(DLanguageTokenType.LINE_COMMENT)('// this(int[]) immutable pure is called')