D Language File
  DLanguageDeclarationImpl(DECLARATION)
    DLanguageAttributeImpl(ATTRIBUTE)
      PsiElement(DLanguageTokenType.synchronized)('synchronized')
    DLanguageClassDeclarationImpl(CLASS_DECLARATION)
      PsiElement(DLanguageTokenType.class)('class')
      INTERFACE_OR_CLASS
        IDENTIFIER
          PsiElement(DLanguageTokenType.ID)('Foo')
        DLanguageStructBodyImpl(STRUCT_BODY)
          PsiElement(DLanguageTokenType.{)('{')
          DLanguageDeclarationImpl(DECLARATION)
            FUNCTION_DECLARATION
              DLanguageTypeImpl(TYPE)
                DLanguageType_2Impl(TYPE_2)
                  DLanguageBuiltinTypeImpl(BUILTIN_TYPE)
                    PsiElement(DLanguageTokenType.void)('void')
              IDENTIFIER
                PsiElement(DLanguageTokenType.ID)('bar')
              DLanguageParametersImpl(PARAMETERS)
                PsiElement(DLanguageTokenType.()('(')
                PsiElement(DLanguageTokenType.))(')')
              DLanguageFunctionBodyImpl(FUNCTION_BODY)
                DLanguageBlockStatementImpl(BLOCK_STATEMENT)
                  PsiElement(DLanguageTokenType.{)('{')
                  PsiElement(DLanguageTokenType.})('}')
          PsiElement(DLanguageTokenType.})('}')
  DLanguageDeclarationImpl(DECLARATION)
    DLanguageAttributeImpl(ATTRIBUTE)
      PsiElement(DLanguageTokenType.synchronized)('synchronized')
    DLanguageClassDeclarationImpl(CLASS_DECLARATION)
      PsiElement(DLanguageTokenType.class)('class')
      INTERFACE_OR_CLASS
        IDENTIFIER
          PsiElement(DLanguageTokenType.ID)('Foo')
        DLanguageStructBodyImpl(STRUCT_BODY)
          PsiElement(DLanguageTokenType.{)('{')
          DLanguageDeclarationImpl(DECLARATION)
            FUNCTION_DECLARATION
              DLanguageTypeImpl(TYPE)
                DLanguageType_2Impl(TYPE_2)
                  DLanguageBuiltinTypeImpl(BUILTIN_TYPE)
                    PsiElement(DLanguageTokenType.void)('void')
              IDENTIFIER
                PsiElement(DLanguageTokenType.ID)('bar')
              DLanguageParametersImpl(PARAMETERS)
                PsiElement(DLanguageTokenType.()('(')
                PsiElement(DLanguageTokenType.))(')')
              DLanguageFunctionBodyImpl(FUNCTION_BODY)
                DLanguageBlockStatementImpl(BLOCK_STATEMENT)
                  PsiElement(DLanguageTokenType.{)('{')
                  DLanguageDeclarationsAndStatementsImpl(DECLARATIONS_AND_STATEMENTS)
                    DLanguageDeclarationOrStatementImpl(DECLARATION_OR_STATEMENT)
                      DLanguageStatementImpl(STATEMENT)
                        DLanguageStatementNoCaseNoDefaultImpl(STATEMENT_NO_CASE_NO_DEFAULT)
                          DLanguageSynchronizedStatementImpl(SYNCHRONIZED_STATEMENT)
                            PsiElement(DLanguageTokenType.synchronized)('synchronized')
                            PsiElement(DLanguageTokenType.()('(')
                            DLanguageExpressionImpl(EXPRESSION)
                              DLanguageAssignExpressionImpl(ASSIGN_EXPRESSION)
                                DLanguageCmpExpressionImpl(CMP_EXPRESSION)
                                  DLanguageUnaryExpressionImpl(UNARY_EXPRESSION)
                                    DLanguagePrimaryExpressionImpl(PRIMARY_EXPRESSION)
                                      THIS_IDENTIFIER
                                        PsiElement(DLanguageTokenType.this)('this')
                            PsiElement(DLanguageTokenType.))(')')
                            DLanguageStatementNoCaseNoDefaultImpl(STATEMENT_NO_CASE_NO_DEFAULT)
                              DLanguageBlockStatementImpl(BLOCK_STATEMENT)
                                PsiElement(DLanguageTokenType.{)('{')
                                PsiElement(DLanguageTokenType.})('}')
                  PsiElement(DLanguageTokenType.})('}')
          PsiElement(DLanguageTokenType.})('}')
  DLanguageDeclarationImpl(DECLARATION)
    DLanguageClassDeclarationImpl(CLASS_DECLARATION)
      PsiElement(DLanguageTokenType.class)('class')
      INTERFACE_OR_CLASS
        IDENTIFIER
          PsiElement(DLanguageTokenType.ID)('Foo')
        DLanguageStructBodyImpl(STRUCT_BODY)
          PsiElement(DLanguageTokenType.{)('{')
          DLanguageDeclarationImpl(DECLARATION)
            DLanguageAttributeImpl(ATTRIBUTE)
              PsiElement(DLanguageTokenType.synchronized)('synchronized')
            FUNCTION_DECLARATION
              DLanguageTypeImpl(TYPE)
                DLanguageType_2Impl(TYPE_2)
                  DLanguageBuiltinTypeImpl(BUILTIN_TYPE)
                    PsiElement(DLanguageTokenType.void)('void')
              IDENTIFIER
                PsiElement(DLanguageTokenType.ID)('foo')
              DLanguageParametersImpl(PARAMETERS)
                PsiElement(DLanguageTokenType.()('(')
                PsiElement(DLanguageTokenType.))(')')
              DLanguageFunctionBodyImpl(FUNCTION_BODY)
                DLanguageBlockStatementImpl(BLOCK_STATEMENT)
                  PsiElement(DLanguageTokenType.{)('{')
                  PsiElement(DLanguageTokenType.})('}')
          PsiComment(DLanguageTokenType.LINE_COMMENT)('// disallowed!')
          PsiElement(DLanguageTokenType.})('}')
  DLanguageDeclarationImpl(DECLARATION)
    DLanguageAttributeImpl(ATTRIBUTE)
      PsiElement(DLanguageTokenType.synchronized)('synchronized')
    DLanguageClassDeclarationImpl(CLASS_DECLARATION)
      PsiElement(DLanguageTokenType.class)('class')
      INTERFACE_OR_CLASS
        IDENTIFIER
          PsiElement(DLanguageTokenType.ID)('Bar')
        DLanguageStructBodyImpl(STRUCT_BODY)
          PsiElement(DLanguageTokenType.{)('{')
          DLanguageDeclarationImpl(DECLARATION)
            FUNCTION_DECLARATION
              DLanguageTypeImpl(TYPE)
                DLanguageType_2Impl(TYPE_2)
                  DLanguageBuiltinTypeImpl(BUILTIN_TYPE)
                    PsiElement(DLanguageTokenType.void)('void')
              IDENTIFIER
                PsiElement(DLanguageTokenType.ID)('bar')
              DLanguageParametersImpl(PARAMETERS)
                PsiElement(DLanguageTokenType.()('(')
                PsiElement(DLanguageTokenType.))(')')
              DLanguageFunctionBodyImpl(FUNCTION_BODY)
                DLanguageBlockStatementImpl(BLOCK_STATEMENT)
                  PsiElement(DLanguageTokenType.{)('{')
                  PsiElement(DLanguageTokenType.})('}')
          PsiComment(DLanguageTokenType.LINE_COMMENT)('// bar is synchronized')
          PsiElement(DLanguageTokenType.})('}')
  DLanguageDeclarationImpl(DECLARATION)
    DLanguageAttributeImpl(ATTRIBUTE)
      PsiElement(DLanguageTokenType.synchronized)('synchronized')
    DLanguageClassDeclarationImpl(CLASS_DECLARATION)
      PsiElement(DLanguageTokenType.class)('class')
      INTERFACE_OR_CLASS
        IDENTIFIER
          PsiElement(DLanguageTokenType.ID)('Foo')
        DLanguageStructBodyImpl(STRUCT_BODY)
          PsiElement(DLanguageTokenType.{)('{')
          DLanguageDeclarationImpl(DECLARATION)
            DLanguageVariableDeclarationImpl(VARIABLE_DECLARATION)
              DLanguageTypeImpl(TYPE)
                DLanguageType_2Impl(TYPE_2)
                  DLanguageBuiltinTypeImpl(BUILTIN_TYPE)
                    PsiElement(DLanguageTokenType.int)('int')
              DECLARATOR
                IDENTIFIER
                  PsiElement(DLanguageTokenType.ID)('foo')
              PsiElement(DLanguageTokenType.;)(';')
          PsiComment(DLanguageTokenType.LINE_COMMENT)('// disallowed: public field')
          PsiElement(DLanguageTokenType.})('}')
  DLanguageDeclarationImpl(DECLARATION)
    DLanguageAttributeImpl(ATTRIBUTE)
      PsiElement(DLanguageTokenType.synchronized)('synchronized')
    DLanguageClassDeclarationImpl(CLASS_DECLARATION)
      PsiElement(DLanguageTokenType.class)('class')
      INTERFACE_OR_CLASS
        IDENTIFIER
          PsiElement(DLanguageTokenType.ID)('Bar')
        DLanguageStructBodyImpl(STRUCT_BODY)
          PsiElement(DLanguageTokenType.{)('{')
          DLanguageDeclarationImpl(DECLARATION)
            DLanguageAttributeImpl(ATTRIBUTE)
              PsiElement(DLanguageTokenType.private)('private')
            DLanguageVariableDeclarationImpl(VARIABLE_DECLARATION)
              DLanguageTypeImpl(TYPE)
                DLanguageType_2Impl(TYPE_2)
                  DLanguageBuiltinTypeImpl(BUILTIN_TYPE)
                    PsiElement(DLanguageTokenType.int)('int')
              DECLARATOR
                IDENTIFIER
                  PsiElement(DLanguageTokenType.ID)('bar')
              PsiElement(DLanguageTokenType.;)(';')
          PsiComment(DLanguageTokenType.LINE_COMMENT)('// ok')
          PsiElement(DLanguageTokenType.})('}')