D Language File
  DLanguageDeclarationImpl(DECLARATION)
    DLanguageClassDeclarationImpl(CLASS_DECLARATION)
      PsiElement(DLanguageTokenType.class)('class')
      INTERFACE_OR_CLASS
        IDENTIFIER
          PsiElement(DLanguageTokenType.ID)('A')
        DLanguageStructBodyImpl(STRUCT_BODY)
          PsiElement(DLanguageTokenType.{)('{')
          PsiElement(DLanguageTokenType.})('}')
  DLanguageDeclarationImpl(DECLARATION)
    DLanguageClassDeclarationImpl(CLASS_DECLARATION)
      PsiElement(DLanguageTokenType.class)('class')
      INTERFACE_OR_CLASS
        IDENTIFIER
          PsiElement(DLanguageTokenType.ID)('B')
        PsiElement(DLanguageTokenType.:)(':')
        DLanguageBaseClassListImpl(BASE_CLASS_LIST)
          DLanguageBaseClassImpl(BASE_CLASS)
            DLanguageType_2Impl(TYPE_2)
              DLanguageSymbolImpl(SYMBOL)
                DLanguageIdentifierOrTemplateChainImpl(IDENTIFIER_OR_TEMPLATE_CHAIN)
                  DLanguageIdentifierOrTemplateInstanceImpl(IDENTIFIER_OR_TEMPLATE_INSTANCE)
                    IDENTIFIER
                      PsiElement(DLanguageTokenType.ID)('A')
        DLanguageStructBodyImpl(STRUCT_BODY)
          PsiElement(DLanguageTokenType.{)('{')
          DLanguageDeclarationImpl(DECLARATION)
            DLanguageVariableDeclarationImpl(VARIABLE_DECLARATION)
              DLanguageTypeImpl(TYPE)
                DLanguageType_2Impl(TYPE_2)
                  DLanguageTypeofExpressionImpl(TYPEOF_EXPRESSION)
                    PsiElement(DLanguageTokenType.typeof)('typeof')
                    PsiElement(DLanguageTokenType.()('(')
                    DLanguageExpressionImpl(EXPRESSION)
                      DLanguageAssignExpressionImpl(ASSIGN_EXPRESSION)
                        DLanguageCmpExpressionImpl(CMP_EXPRESSION)
                          DLanguageUnaryExpressionImpl(UNARY_EXPRESSION)
                            DLanguagePrimaryExpressionImpl(PRIMARY_EXPRESSION)
                              THIS_IDENTIFIER
                                PsiElement(DLanguageTokenType.this)('this')
                    PsiElement(DLanguageTokenType.))(')')
              DECLARATOR
                IDENTIFIER
                  PsiElement(DLanguageTokenType.ID)('x')
              PsiElement(DLanguageTokenType.;)(';')
          PsiComment(DLanguageTokenType.LINE_COMMENT)('// x is declared to be a B')
          DLanguageDeclarationImpl(DECLARATION)
            DLanguageVariableDeclarationImpl(VARIABLE_DECLARATION)
              DLanguageTypeImpl(TYPE)
                DLanguageType_2Impl(TYPE_2)
                  DLanguageTypeofExpressionImpl(TYPEOF_EXPRESSION)
                    PsiElement(DLanguageTokenType.typeof)('typeof')
                    PsiElement(DLanguageTokenType.()('(')
                    DLanguageExpressionImpl(EXPRESSION)
                      DLanguageAssignExpressionImpl(ASSIGN_EXPRESSION)
                        DLanguageCmpExpressionImpl(CMP_EXPRESSION)
                          DLanguageUnaryExpressionImpl(UNARY_EXPRESSION)
                            DLanguagePrimaryExpressionImpl(PRIMARY_EXPRESSION)
                              SUPER_IDENTIFIER
                                PsiElement(DLanguageTokenType.super)('super')
                    PsiElement(DLanguageTokenType.))(')')
              DECLARATOR
                IDENTIFIER
                  PsiElement(DLanguageTokenType.ID)('y')
              PsiElement(DLanguageTokenType.;)(';')
          PsiComment(DLanguageTokenType.LINE_COMMENT)('// y is declared to be an A')
          PsiElement(DLanguageTokenType.})('}')
  DLanguageDeclarationImpl(DECLARATION)
    STRUCT_DECLARATION
      PsiElement(DLanguageTokenType.struct)('struct')
      IDENTIFIER
        PsiElement(DLanguageTokenType.ID)('C')
      DLanguageStructBodyImpl(STRUCT_BODY)
        PsiElement(DLanguageTokenType.{)('{')
        DLanguageDeclarationImpl(DECLARATION)
          DLanguageAttributeImpl(ATTRIBUTE)
            PsiElement(DLanguageTokenType.static)('static')
          DLanguageVariableDeclarationImpl(VARIABLE_DECLARATION)
            DLanguageTypeImpl(TYPE)
              DLanguageType_2Impl(TYPE_2)
                DLanguageTypeofExpressionImpl(TYPEOF_EXPRESSION)
                  PsiElement(DLanguageTokenType.typeof)('typeof')
                  PsiElement(DLanguageTokenType.()('(')
                  DLanguageExpressionImpl(EXPRESSION)
                    DLanguageAssignExpressionImpl(ASSIGN_EXPRESSION)
                      DLanguageCmpExpressionImpl(CMP_EXPRESSION)
                        DLanguageUnaryExpressionImpl(UNARY_EXPRESSION)
                          DLanguagePrimaryExpressionImpl(PRIMARY_EXPRESSION)
                            THIS_IDENTIFIER
                              PsiElement(DLanguageTokenType.this)('this')
                  PsiElement(DLanguageTokenType.))(')')
            DECLARATOR
              IDENTIFIER
                PsiElement(DLanguageTokenType.ID)('z')
            PsiElement(DLanguageTokenType.;)(';')
        PsiComment(DLanguageTokenType.LINE_COMMENT)('// z is declared to be a C')
        DLanguageDeclarationImpl(DECLARATION)
          DLanguageVariableDeclarationImpl(VARIABLE_DECLARATION)
            DLanguageTypeImpl(TYPE)
              DLanguageType_2Impl(TYPE_2)
                DLanguageTypeofExpressionImpl(TYPEOF_EXPRESSION)
                  PsiElement(DLanguageTokenType.typeof)('typeof')
                  PsiElement(DLanguageTokenType.()('(')
                  DLanguageExpressionImpl(EXPRESSION)
                    DLanguageAssignExpressionImpl(ASSIGN_EXPRESSION)
                      DLanguageCmpExpressionImpl(CMP_EXPRESSION)
                        DLanguageUnaryExpressionImpl(UNARY_EXPRESSION)
                          DLanguagePrimaryExpressionImpl(PRIMARY_EXPRESSION)
                            SUPER_IDENTIFIER
                              PsiElement(DLanguageTokenType.super)('super')
                  PsiElement(DLanguageTokenType.))(')')
            DECLARATOR
              IDENTIFIER
                PsiElement(DLanguageTokenType.ID)('q')
            PsiElement(DLanguageTokenType.;)(';')
        PsiComment(DLanguageTokenType.LINE_COMMENT)('// error, no super struct for C')
        PsiElement(DLanguageTokenType.})('}')
  DLanguageDeclarationImpl(DECLARATION)
    UNITTEST
      UNITTEST
        PsiElement(DLanguageTokenType.unittest)('unittest')
        DLanguageBlockStatementImpl(BLOCK_STATEMENT)
          PsiElement(DLanguageTokenType.{)('{')
          DLanguageDeclarationsAndStatementsImpl(DECLARATIONS_AND_STATEMENTS)
            DLanguageDeclarationOrStatementImpl(DECLARATION_OR_STATEMENT)
              DLanguageDeclarationImpl(DECLARATION)
                DLanguageVariableDeclarationImpl(VARIABLE_DECLARATION)
                  DLanguageTypeImpl(TYPE)
                    DLanguageType_2Impl(TYPE_2)
                      DLanguageTypeofExpressionImpl(TYPEOF_EXPRESSION)
                        PsiElement(DLanguageTokenType.typeof)('typeof')
                        PsiElement(DLanguageTokenType.()('(')
                        DLanguageExpressionImpl(EXPRESSION)
                          DLanguageAssignExpressionImpl(ASSIGN_EXPRESSION)
                            DLanguageCmpExpressionImpl(CMP_EXPRESSION)
                              DLanguageUnaryExpressionImpl(UNARY_EXPRESSION)
                                DLanguagePrimaryExpressionImpl(PRIMARY_EXPRESSION)
                                  THIS_IDENTIFIER
                                    PsiElement(DLanguageTokenType.this)('this')
                        PsiElement(DLanguageTokenType.))(')')
                  DECLARATOR
                    IDENTIFIER
                      PsiElement(DLanguageTokenType.ID)('r')
                  PsiElement(DLanguageTokenType.;)(';')
          PsiComment(DLanguageTokenType.LINE_COMMENT)('// error, no enclosing struct or class')
          PsiElement(DLanguageTokenType.})('}')