D Language File
  DLanguageDeclarationImpl(DECLARATION)
    DLanguageClassDeclarationImpl(CLASS_DECLARATION)
      PsiElement(DLanguageTokenType.class)('class')
      INTERFACE_OR_CLASS
        IDENTIFIER
          PsiElement(DLanguageTokenType.ID)('A')
        DLanguageStructBodyImpl(STRUCT_BODY)
          PsiElement(DLanguageTokenType.{)('{')
          DLanguageDeclarationImpl(DECLARATION)
            FUNCTION_DECLARATION
              DLanguageTypeImpl(TYPE)
                DLanguageType_2Impl(TYPE_2)
                  DLanguageBuiltinTypeImpl(BUILTIN_TYPE)
                    PsiElement(DLanguageTokenType.char)('char')
              IDENTIFIER
                PsiElement(DLanguageTokenType.ID)('get')
              DLanguageParametersImpl(PARAMETERS)
                PsiElement(DLanguageTokenType.()('(')
                PsiElement(DLanguageTokenType.))(')')
              DLanguageFunctionBodyImpl(FUNCTION_BODY)
                DLanguageBlockStatementImpl(BLOCK_STATEMENT)
                  PsiElement(DLanguageTokenType.{)('{')
                  DLanguageDeclarationsAndStatementsImpl(DECLARATIONS_AND_STATEMENTS)
                    DLanguageDeclarationOrStatementImpl(DECLARATION_OR_STATEMENT)
                      DLanguageStatementImpl(STATEMENT)
                        DLanguageStatementNoCaseNoDefaultImpl(STATEMENT_NO_CASE_NO_DEFAULT)
                          DLanguageReturnStatementImpl(RETURN_STATEMENT)
                            PsiElement(DLanguageTokenType.return)('return')
                            DLanguageExpressionImpl(EXPRESSION)
                              DLanguageAssignExpressionImpl(ASSIGN_EXPRESSION)
                                DLanguageCmpExpressionImpl(CMP_EXPRESSION)
                                  DLanguageUnaryExpressionImpl(UNARY_EXPRESSION)
                                    DLanguagePrimaryExpressionImpl(PRIMARY_EXPRESSION)
                                      PsiElement(DLanguageTokenType.CHARACTER_LITERAL)(''A'')
                            PsiElement(DLanguageTokenType.;)(';')
                  PsiElement(DLanguageTokenType.})('}')
          DLanguageDeclarationImpl(DECLARATION)
            FUNCTION_DECLARATION
              DLanguageTypeImpl(TYPE)
                DLanguageType_2Impl(TYPE_2)
                  DLanguageBuiltinTypeImpl(BUILTIN_TYPE)
                    PsiElement(DLanguageTokenType.char)('char')
              IDENTIFIER
                PsiElement(DLanguageTokenType.ID)('foo')
              DLanguageParametersImpl(PARAMETERS)
                PsiElement(DLanguageTokenType.()('(')
                PsiElement(DLanguageTokenType.))(')')
              DLanguageFunctionBodyImpl(FUNCTION_BODY)
                DLanguageBlockStatementImpl(BLOCK_STATEMENT)
                  PsiElement(DLanguageTokenType.{)('{')
                  DLanguageDeclarationsAndStatementsImpl(DECLARATIONS_AND_STATEMENTS)
                    DLanguageDeclarationOrStatementImpl(DECLARATION_OR_STATEMENT)
                      DLanguageStatementImpl(STATEMENT)
                        DLanguageStatementNoCaseNoDefaultImpl(STATEMENT_NO_CASE_NO_DEFAULT)
                          DLanguageReturnStatementImpl(RETURN_STATEMENT)
                            PsiElement(DLanguageTokenType.return)('return')
                            DLanguageExpressionImpl(EXPRESSION)
                              DLanguageAssignExpressionImpl(ASSIGN_EXPRESSION)
                                DLanguageCmpExpressionImpl(CMP_EXPRESSION)
                                  DLanguageUnaryExpressionImpl(UNARY_EXPRESSION)
                                    DLanguageFunctionCallExpressionImpl(FUNCTION_CALL_EXPRESSION)
                                      DLanguageUnaryExpressionImpl(UNARY_EXPRESSION)
                                        DLanguagePrimaryExpressionImpl(PRIMARY_EXPRESSION)
                                          DLanguageTypeofExpressionImpl(TYPEOF_EXPRESSION)
                                            PsiElement(DLanguageTokenType.typeof)('typeof')
                                            PsiElement(DLanguageTokenType.()('(')
                                            DLanguageExpressionImpl(EXPRESSION)
                                              DLanguageAssignExpressionImpl(ASSIGN_EXPRESSION)
                                                DLanguageCmpExpressionImpl(CMP_EXPRESSION)
                                                  DLanguageUnaryExpressionImpl(UNARY_EXPRESSION)
                                                    DLanguagePrimaryExpressionImpl(PRIMARY_EXPRESSION)
                                                      THIS_IDENTIFIER
                                                        PsiElement(DLanguageTokenType.this)('this')
                                            PsiElement(DLanguageTokenType.))(')')
                                        PsiElement(DLanguageTokenType..)('.')
                                        DLanguageIdentifierOrTemplateInstanceImpl(IDENTIFIER_OR_TEMPLATE_INSTANCE)
                                          IDENTIFIER
                                            PsiElement(DLanguageTokenType.ID)('get')
                                      DLanguageArgumentsImpl(ARGUMENTS)
                                        PsiElement(DLanguageTokenType.()('(')
                                        PsiElement(DLanguageTokenType.))(')')
                            PsiElement(DLanguageTokenType.;)(';')
                  PsiElement(DLanguageTokenType.})('}')
          DLanguageDeclarationImpl(DECLARATION)
            FUNCTION_DECLARATION
              DLanguageTypeImpl(TYPE)
                DLanguageType_2Impl(TYPE_2)
                  DLanguageBuiltinTypeImpl(BUILTIN_TYPE)
                    PsiElement(DLanguageTokenType.char)('char')
              IDENTIFIER
                PsiElement(DLanguageTokenType.ID)('bar')
              DLanguageParametersImpl(PARAMETERS)
                PsiElement(DLanguageTokenType.()('(')
                PsiElement(DLanguageTokenType.))(')')
              DLanguageFunctionBodyImpl(FUNCTION_BODY)
                DLanguageBlockStatementImpl(BLOCK_STATEMENT)
                  PsiElement(DLanguageTokenType.{)('{')
                  DLanguageDeclarationsAndStatementsImpl(DECLARATIONS_AND_STATEMENTS)
                    DLanguageDeclarationOrStatementImpl(DECLARATION_OR_STATEMENT)
                      DLanguageStatementImpl(STATEMENT)
                        DLanguageStatementNoCaseNoDefaultImpl(STATEMENT_NO_CASE_NO_DEFAULT)
                          DLanguageReturnStatementImpl(RETURN_STATEMENT)
                            PsiElement(DLanguageTokenType.return)('return')
                            DLanguageExpressionImpl(EXPRESSION)
                              DLanguageAssignExpressionImpl(ASSIGN_EXPRESSION)
                                DLanguageCmpExpressionImpl(CMP_EXPRESSION)
                                  DLanguageUnaryExpressionImpl(UNARY_EXPRESSION)
                                    DLanguageFunctionCallExpressionImpl(FUNCTION_CALL_EXPRESSION)
                                      DLanguageUnaryExpressionImpl(UNARY_EXPRESSION)
                                        DLanguagePrimaryExpressionImpl(PRIMARY_EXPRESSION)
                                          THIS_IDENTIFIER
                                            PsiElement(DLanguageTokenType.this)('this')
                                        PsiElement(DLanguageTokenType..)('.')
                                        DLanguageIdentifierOrTemplateInstanceImpl(IDENTIFIER_OR_TEMPLATE_INSTANCE)
                                          IDENTIFIER
                                            PsiElement(DLanguageTokenType.ID)('get')
                                      DLanguageArgumentsImpl(ARGUMENTS)
                                        PsiElement(DLanguageTokenType.()('(')
                                        PsiElement(DLanguageTokenType.))(')')
                            PsiElement(DLanguageTokenType.;)(';')
                  PsiElement(DLanguageTokenType.})('}')
          PsiElement(DLanguageTokenType.})('}')
  DLanguageDeclarationImpl(DECLARATION)
    DLanguageClassDeclarationImpl(CLASS_DECLARATION)
      PsiElement(DLanguageTokenType.class)('class')
      INTERFACE_OR_CLASS
        IDENTIFIER
          PsiElement(DLanguageTokenType.ID)('B')
        PsiElement(DLanguageTokenType.:)(':')
        DLanguageBaseClassListImpl(BASE_CLASS_LIST)
          DLanguageBaseClassImpl(BASE_CLASS)
            DLanguageType_2Impl(TYPE_2)
              DLanguageSymbolImpl(SYMBOL)
                DLanguageIdentifierOrTemplateChainImpl(IDENTIFIER_OR_TEMPLATE_CHAIN)
                  DLanguageIdentifierOrTemplateInstanceImpl(IDENTIFIER_OR_TEMPLATE_INSTANCE)
                    IDENTIFIER
                      PsiElement(DLanguageTokenType.ID)('A')
        DLanguageStructBodyImpl(STRUCT_BODY)
          PsiElement(DLanguageTokenType.{)('{')
          DLanguageDeclarationImpl(DECLARATION)
            DLanguageAttributeImpl(ATTRIBUTE)
              PsiElement(DLanguageTokenType.override)('override')
            FUNCTION_DECLARATION
              DLanguageTypeImpl(TYPE)
                DLanguageType_2Impl(TYPE_2)
                  DLanguageBuiltinTypeImpl(BUILTIN_TYPE)
                    PsiElement(DLanguageTokenType.char)('char')
              IDENTIFIER
                PsiElement(DLanguageTokenType.ID)('get')
              DLanguageParametersImpl(PARAMETERS)
                PsiElement(DLanguageTokenType.()('(')
                PsiElement(DLanguageTokenType.))(')')
              DLanguageFunctionBodyImpl(FUNCTION_BODY)
                DLanguageBlockStatementImpl(BLOCK_STATEMENT)
                  PsiElement(DLanguageTokenType.{)('{')
                  DLanguageDeclarationsAndStatementsImpl(DECLARATIONS_AND_STATEMENTS)
                    DLanguageDeclarationOrStatementImpl(DECLARATION_OR_STATEMENT)
                      DLanguageStatementImpl(STATEMENT)
                        DLanguageStatementNoCaseNoDefaultImpl(STATEMENT_NO_CASE_NO_DEFAULT)
                          DLanguageReturnStatementImpl(RETURN_STATEMENT)
                            PsiElement(DLanguageTokenType.return)('return')
                            DLanguageExpressionImpl(EXPRESSION)
                              DLanguageAssignExpressionImpl(ASSIGN_EXPRESSION)
                                DLanguageCmpExpressionImpl(CMP_EXPRESSION)
                                  DLanguageUnaryExpressionImpl(UNARY_EXPRESSION)
                                    DLanguagePrimaryExpressionImpl(PRIMARY_EXPRESSION)
                                      PsiElement(DLanguageTokenType.CHARACTER_LITERAL)(''B'')
                            PsiElement(DLanguageTokenType.;)(';')
                  PsiElement(DLanguageTokenType.})('}')
          PsiElement(DLanguageTokenType.})('}')
  DLanguageDeclarationImpl(DECLARATION)
    FUNCTION_DECLARATION
      DLanguageTypeImpl(TYPE)
        DLanguageType_2Impl(TYPE_2)
          DLanguageBuiltinTypeImpl(BUILTIN_TYPE)
            PsiElement(DLanguageTokenType.void)('void')
      IDENTIFIER
        PsiElement(DLanguageTokenType.ID)('main')
      DLanguageParametersImpl(PARAMETERS)
        PsiElement(DLanguageTokenType.()('(')
        PsiElement(DLanguageTokenType.))(')')
      DLanguageFunctionBodyImpl(FUNCTION_BODY)
        DLanguageBlockStatementImpl(BLOCK_STATEMENT)
          PsiElement(DLanguageTokenType.{)('{')
          DLanguageDeclarationsAndStatementsImpl(DECLARATIONS_AND_STATEMENTS)
            DLanguageDeclarationOrStatementImpl(DECLARATION_OR_STATEMENT)
              DLanguageDeclarationImpl(DECLARATION)
                DLanguageVariableDeclarationImpl(VARIABLE_DECLARATION)
                  DLanguageTypeImpl(TYPE)
                    DLanguageType_2Impl(TYPE_2)
                      DLanguageSymbolImpl(SYMBOL)
                        DLanguageIdentifierOrTemplateChainImpl(IDENTIFIER_OR_TEMPLATE_CHAIN)
                          DLanguageIdentifierOrTemplateInstanceImpl(IDENTIFIER_OR_TEMPLATE_INSTANCE)
                            IDENTIFIER
                              PsiElement(DLanguageTokenType.ID)('B')
                  DECLARATOR
                    IDENTIFIER
                      PsiElement(DLanguageTokenType.ID)('b')
                    PsiElement(DLanguageTokenType.=)('=')
                    DLanguageInitializerImpl(INITIALIZER)
                      DLanguageNonVoidInitializerImpl(NON_VOID_INITIALIZER)
                        DLanguageAssignExpressionImpl(ASSIGN_EXPRESSION)
                          DLanguageCmpExpressionImpl(CMP_EXPRESSION)
                            DLanguageUnaryExpressionImpl(UNARY_EXPRESSION)
                              DLanguageNewExpressionImpl(NEW_EXPRESSION)
                                PsiElement(DLanguageTokenType.new)('new')
                                DLanguageTypeImpl(TYPE)
                                  DLanguageType_2Impl(TYPE_2)
                                    DLanguageSymbolImpl(SYMBOL)
                                      DLanguageIdentifierOrTemplateChainImpl(IDENTIFIER_OR_TEMPLATE_CHAIN)
                                        DLanguageIdentifierOrTemplateInstanceImpl(IDENTIFIER_OR_TEMPLATE_INSTANCE)
                                          IDENTIFIER
                                            PsiElement(DLanguageTokenType.ID)('B')
                                DLanguageArgumentsImpl(ARGUMENTS)
                                  PsiElement(DLanguageTokenType.()('(')
                                  PsiElement(DLanguageTokenType.))(')')
                  PsiElement(DLanguageTokenType.;)(';')
            DLanguageDeclarationOrStatementImpl(DECLARATION_OR_STATEMENT)
              DLanguageStatementImpl(STATEMENT)
                DLanguageStatementNoCaseNoDefaultImpl(STATEMENT_NO_CASE_NO_DEFAULT)
                  DLanguageExpressionStatementImpl(EXPRESSION_STATEMENT)
                    DLanguageExpressionImpl(EXPRESSION)
                      DLanguageAssignExpressionImpl(ASSIGN_EXPRESSION)
                        DLanguageCmpExpressionImpl(CMP_EXPRESSION)
                          DLanguageUnaryExpressionImpl(UNARY_EXPRESSION)
                            DLanguageAssertExpressionImpl(ASSERT_EXPRESSION)
                              PsiElement(DLanguageTokenType.assert)('assert')
                              PsiElement(DLanguageTokenType.()('(')
                              DLanguageAssignExpressionImpl(ASSIGN_EXPRESSION)
                                DLanguageCmpExpressionImpl(CMP_EXPRESSION)
                                  DLanguageUnaryExpressionImpl(UNARY_EXPRESSION)
                                    DLanguageFunctionCallExpressionImpl(FUNCTION_CALL_EXPRESSION)
                                      DLanguageUnaryExpressionImpl(UNARY_EXPRESSION)
                                        DLanguagePrimaryExpressionImpl(PRIMARY_EXPRESSION)
                                          DLanguageIdentifierOrTemplateInstanceImpl(IDENTIFIER_OR_TEMPLATE_INSTANCE)
                                            IDENTIFIER
                                              PsiElement(DLanguageTokenType.ID)('b')
                                        PsiElement(DLanguageTokenType..)('.')
                                        DLanguageIdentifierOrTemplateInstanceImpl(IDENTIFIER_OR_TEMPLATE_INSTANCE)
                                          IDENTIFIER
                                            PsiElement(DLanguageTokenType.ID)('foo')
                                      DLanguageArgumentsImpl(ARGUMENTS)
                                        PsiElement(DLanguageTokenType.()('(')
                                        PsiElement(DLanguageTokenType.))(')')
                                  DLanguageEqualExpressionImpl(EQUAL_EXPRESSION)
                                    PsiElement(DLanguageTokenType.==)('==')
                                    DLanguageUnaryExpressionImpl(UNARY_EXPRESSION)
                                      DLanguagePrimaryExpressionImpl(PRIMARY_EXPRESSION)
                                        PsiElement(DLanguageTokenType.CHARACTER_LITERAL)(''A'')
                              PsiElement(DLanguageTokenType.))(')')
                    PsiElement(DLanguageTokenType.;)(';')
            DLanguageDeclarationOrStatementImpl(DECLARATION_OR_STATEMENT)
              DLanguageStatementImpl(STATEMENT)
                DLanguageStatementNoCaseNoDefaultImpl(STATEMENT_NO_CASE_NO_DEFAULT)
                  DLanguageExpressionStatementImpl(EXPRESSION_STATEMENT)
                    DLanguageExpressionImpl(EXPRESSION)
                      DLanguageAssignExpressionImpl(ASSIGN_EXPRESSION)
                        DLanguageCmpExpressionImpl(CMP_EXPRESSION)
                          DLanguageUnaryExpressionImpl(UNARY_EXPRESSION)
                            DLanguageAssertExpressionImpl(ASSERT_EXPRESSION)
                              PsiElement(DLanguageTokenType.assert)('assert')
                              PsiElement(DLanguageTokenType.()('(')
                              DLanguageAssignExpressionImpl(ASSIGN_EXPRESSION)
                                DLanguageCmpExpressionImpl(CMP_EXPRESSION)
                                  DLanguageUnaryExpressionImpl(UNARY_EXPRESSION)
                                    DLanguageFunctionCallExpressionImpl(FUNCTION_CALL_EXPRESSION)
                                      DLanguageUnaryExpressionImpl(UNARY_EXPRESSION)
                                        DLanguagePrimaryExpressionImpl(PRIMARY_EXPRESSION)
                                          DLanguageIdentifierOrTemplateInstanceImpl(IDENTIFIER_OR_TEMPLATE_INSTANCE)
                                            IDENTIFIER
                                              PsiElement(DLanguageTokenType.ID)('b')
                                        PsiElement(DLanguageTokenType..)('.')
                                        DLanguageIdentifierOrTemplateInstanceImpl(IDENTIFIER_OR_TEMPLATE_INSTANCE)
                                          IDENTIFIER
                                            PsiElement(DLanguageTokenType.ID)('bar')
                                      DLanguageArgumentsImpl(ARGUMENTS)
                                        PsiElement(DLanguageTokenType.()('(')
                                        PsiElement(DLanguageTokenType.))(')')
                                  DLanguageEqualExpressionImpl(EQUAL_EXPRESSION)
                                    PsiElement(DLanguageTokenType.==)('==')
                                    DLanguageUnaryExpressionImpl(UNARY_EXPRESSION)
                                      DLanguagePrimaryExpressionImpl(PRIMARY_EXPRESSION)
                                        PsiElement(DLanguageTokenType.CHARACTER_LITERAL)(''B'')
                              PsiElement(DLanguageTokenType.))(')')
                    PsiElement(DLanguageTokenType.;)(';')
          PsiElement(DLanguageTokenType.})('}')