D Language File
  DLanguageDeclarationImpl(DECLARATION)
    STRUCT_DECLARATION
      PsiElement(DLanguageTokenType.struct)('struct')
      IDENTIFIER
        PsiElement(DLanguageTokenType.ID)('S')
      DLanguageStructBodyImpl(STRUCT_BODY)
        PsiElement(DLanguageTokenType.{)('{')
        PsiElement(DLanguageTokenType.})('}')
  PsiComment(DLanguageTokenType.LINE_COMMENT)('// S has postblit or destructor')
  DLanguageDeclarationImpl(DECLARATION)
    DLanguageVariableDeclarationImpl(VARIABLE_DECLARATION)
      DLanguageTypeImpl(TYPE)
        DLanguageType_2Impl(TYPE_2)
          DLanguageSymbolImpl(SYMBOL)
            DLanguageIdentifierOrTemplateChainImpl(IDENTIFIER_OR_TEMPLATE_CHAIN)
              DLanguageIdentifierOrTemplateInstanceImpl(IDENTIFIER_OR_TEMPLATE_INSTANCE)
                IDENTIFIER
                  PsiElement(DLanguageTokenType.ID)('S')
      DECLARATOR
        IDENTIFIER
          PsiElement(DLanguageTokenType.ID)('s')
      PsiElement(DLanguageTokenType.;)(';')
  PsiComment(DLanguageTokenType.LINE_COMMENT)('// default construction of s')
  DLanguageDeclarationImpl(DECLARATION)
    DLanguageVariableDeclarationImpl(VARIABLE_DECLARATION)
      DLanguageTypeImpl(TYPE)
        DLanguageType_2Impl(TYPE_2)
          DLanguageSymbolImpl(SYMBOL)
            DLanguageIdentifierOrTemplateChainImpl(IDENTIFIER_OR_TEMPLATE_CHAIN)
              DLanguageIdentifierOrTemplateInstanceImpl(IDENTIFIER_OR_TEMPLATE_INSTANCE)
                IDENTIFIER
                  PsiElement(DLanguageTokenType.ID)('S')
      DECLARATOR
        IDENTIFIER
          PsiElement(DLanguageTokenType.ID)('t')
        PsiElement(DLanguageTokenType.=)('=')
        DLanguageInitializerImpl(INITIALIZER)
          DLanguageNonVoidInitializerImpl(NON_VOID_INITIALIZER)
            DLanguageAssignExpressionImpl(ASSIGN_EXPRESSION)
              DLanguageCmpExpressionImpl(CMP_EXPRESSION)
                DLanguageUnaryExpressionImpl(UNARY_EXPRESSION)
                  DLanguagePrimaryExpressionImpl(PRIMARY_EXPRESSION)
                    DLanguageIdentifierOrTemplateInstanceImpl(IDENTIFIER_OR_TEMPLATE_INSTANCE)
                      IDENTIFIER
                        PsiElement(DLanguageTokenType.ID)('s')
      PsiElement(DLanguageTokenType.;)(';')
  PsiComment(DLanguageTokenType.LINE_COMMENT)('// t is copy-constructed from s')
  DLanguageDeclarationImpl(DECLARATION)
    UNITTEST
      UNITTEST
        PsiElement(DLanguageTokenType.unittest)('unittest')
        DLanguageBlockStatementImpl(BLOCK_STATEMENT)
          PsiElement(DLanguageTokenType.{)('{')
          DLanguageDeclarationsAndStatementsImpl(DECLARATIONS_AND_STATEMENTS)
            DLanguageDeclarationOrStatementImpl(DECLARATION_OR_STATEMENT)
              DLanguageStatementImpl(STATEMENT)
                DLanguageStatementNoCaseNoDefaultImpl(STATEMENT_NO_CASE_NO_DEFAULT)
                  DLanguageExpressionStatementImpl(EXPRESSION_STATEMENT)
                    DLanguageExpressionImpl(EXPRESSION)
                      DLanguageAssignExpressionImpl(ASSIGN_EXPRESSION)
                        DLanguageCmpExpressionImpl(CMP_EXPRESSION)
                          DLanguageUnaryExpressionImpl(UNARY_EXPRESSION)
                            DLanguagePrimaryExpressionImpl(PRIMARY_EXPRESSION)
                              DLanguageIdentifierOrTemplateInstanceImpl(IDENTIFIER_OR_TEMPLATE_INSTANCE)
                                IDENTIFIER
                                  PsiElement(DLanguageTokenType.ID)('t')
                        PsiElement(DLanguageTokenType.=)('=')
                        DLanguageAssignExpressionImpl(ASSIGN_EXPRESSION)
                          DLanguageCmpExpressionImpl(CMP_EXPRESSION)
                            DLanguageUnaryExpressionImpl(UNARY_EXPRESSION)
                              DLanguagePrimaryExpressionImpl(PRIMARY_EXPRESSION)
                                DLanguageIdentifierOrTemplateInstanceImpl(IDENTIFIER_OR_TEMPLATE_INSTANCE)
                                  IDENTIFIER
                                    PsiElement(DLanguageTokenType.ID)('s')
                    PsiElement(DLanguageTokenType.;)(';')
            PsiComment(DLanguageTokenType.LINE_COMMENT)('// t is assigned from s')
            DLanguageDeclarationOrStatementImpl(DECLARATION_OR_STATEMENT)
              DLanguageStatementImpl(STATEMENT)
                DLanguageStatementNoCaseNoDefaultImpl(STATEMENT_NO_CASE_NO_DEFAULT)
                  DLanguageExpressionStatementImpl(EXPRESSION_STATEMENT)
                    DLanguageExpressionImpl(EXPRESSION)
                      DLanguageAssignExpressionImpl(ASSIGN_EXPRESSION)
                        DLanguageCmpExpressionImpl(CMP_EXPRESSION)
                          DLanguageUnaryExpressionImpl(UNARY_EXPRESSION)
                            DLanguageFunctionCallExpressionImpl(FUNCTION_CALL_EXPRESSION)
                              DLanguageUnaryExpressionImpl(UNARY_EXPRESSION)
                                DLanguagePrimaryExpressionImpl(PRIMARY_EXPRESSION)
                                  DLanguageIdentifierOrTemplateInstanceImpl(IDENTIFIER_OR_TEMPLATE_INSTANCE)
                                    IDENTIFIER
                                      PsiElement(DLanguageTokenType.ID)('t')
                                PsiElement(DLanguageTokenType..)('.')
                                DLanguageIdentifierOrTemplateInstanceImpl(IDENTIFIER_OR_TEMPLATE_INSTANCE)
                                  IDENTIFIER
                                    PsiElement(DLanguageTokenType.ID)('opAssign')
                              DLanguageArgumentsImpl(ARGUMENTS)
                                PsiElement(DLanguageTokenType.()('(')
                                DLanguageArgumentListImpl(ARGUMENT_LIST)
                                  DLanguageAssignExpressionImpl(ASSIGN_EXPRESSION)
                                    DLanguageCmpExpressionImpl(CMP_EXPRESSION)
                                      DLanguageUnaryExpressionImpl(UNARY_EXPRESSION)
                                        DLanguagePrimaryExpressionImpl(PRIMARY_EXPRESSION)
                                          DLanguageIdentifierOrTemplateInstanceImpl(IDENTIFIER_OR_TEMPLATE_INSTANCE)
                                            IDENTIFIER
                                              PsiElement(DLanguageTokenType.ID)('s')
                                PsiElement(DLanguageTokenType.))(')')
                    PsiElement(DLanguageTokenType.;)(';')
          PsiElement(DLanguageTokenType.})('}')
  DLanguageDeclarationImpl(DECLARATION)
    DLanguageAttributeImpl(ATTRIBUTE)
      PsiElement(DLanguageTokenType.ref)('ref')
    FUNCTION_DECLARATION
      DLanguageTypeImpl(TYPE)
        DLanguageType_2Impl(TYPE_2)
          DLanguageSymbolImpl(SYMBOL)
            DLanguageIdentifierOrTemplateChainImpl(IDENTIFIER_OR_TEMPLATE_CHAIN)
              DLanguageIdentifierOrTemplateInstanceImpl(IDENTIFIER_OR_TEMPLATE_INSTANCE)
                IDENTIFIER
                  PsiElement(DLanguageTokenType.ID)('S')
      IDENTIFIER
        PsiElement(DLanguageTokenType.ID)('opAssign')
      DLanguageParametersImpl(PARAMETERS)
        PsiElement(DLanguageTokenType.()('(')
        PARAMETER
          DLanguageTypeImpl(TYPE)
            DLanguageType_2Impl(TYPE_2)
              DLanguageSymbolImpl(SYMBOL)
                DLanguageIdentifierOrTemplateChainImpl(IDENTIFIER_OR_TEMPLATE_CHAIN)
                  DLanguageIdentifierOrTemplateInstanceImpl(IDENTIFIER_OR_TEMPLATE_INSTANCE)
                    IDENTIFIER
                      PsiElement(DLanguageTokenType.ID)('S')
          IDENTIFIER
            PsiElement(DLanguageTokenType.ID)('s')
        PsiElement(DLanguageTokenType.))(')')
      DLanguageFunctionBodyImpl(FUNCTION_BODY)
        DLanguageBlockStatementImpl(BLOCK_STATEMENT)
          PsiElement(DLanguageTokenType.{)('{')
          DLanguageDeclarationsAndStatementsImpl(DECLARATIONS_AND_STATEMENTS)
            DLanguageDeclarationOrStatementImpl(DECLARATION_OR_STATEMENT)
              DLanguageDeclarationImpl(DECLARATION)
                DLanguageVariableDeclarationImpl(VARIABLE_DECLARATION)
                  DLanguageTypeImpl(TYPE)
                    DLanguageType_2Impl(TYPE_2)
                      DLanguageSymbolImpl(SYMBOL)
                        DLanguageIdentifierOrTemplateChainImpl(IDENTIFIER_OR_TEMPLATE_CHAIN)
                          DLanguageIdentifierOrTemplateInstanceImpl(IDENTIFIER_OR_TEMPLATE_INSTANCE)
                            IDENTIFIER
                              PsiElement(DLanguageTokenType.ID)('S')
                  DECLARATOR
                    IDENTIFIER
                      PsiElement(DLanguageTokenType.ID)('tmp')
                    PsiElement(DLanguageTokenType.=)('=')
                    DLanguageInitializerImpl(INITIALIZER)
                      DLanguageNonVoidInitializerImpl(NON_VOID_INITIALIZER)
                        DLanguageAssignExpressionImpl(ASSIGN_EXPRESSION)
                          DLanguageCmpExpressionImpl(CMP_EXPRESSION)
                            DLanguageUnaryExpressionImpl(UNARY_EXPRESSION)
                              DLanguagePrimaryExpressionImpl(PRIMARY_EXPRESSION)
                                THIS_IDENTIFIER
                                  PsiElement(DLanguageTokenType.this)('this')
                  PsiElement(DLanguageTokenType.;)(';')
            PsiComment(DLanguageTokenType.LINE_COMMENT)('// bitcopy this into tmp')
            DLanguageDeclarationOrStatementImpl(DECLARATION_OR_STATEMENT)
              DLanguageStatementImpl(STATEMENT)
                DLanguageStatementNoCaseNoDefaultImpl(STATEMENT_NO_CASE_NO_DEFAULT)
                  DLanguageExpressionStatementImpl(EXPRESSION_STATEMENT)
                    DLanguageExpressionImpl(EXPRESSION)
                      DLanguageAssignExpressionImpl(ASSIGN_EXPRESSION)
                        DLanguageCmpExpressionImpl(CMP_EXPRESSION)
                          DLanguageUnaryExpressionImpl(UNARY_EXPRESSION)
                            DLanguagePrimaryExpressionImpl(PRIMARY_EXPRESSION)
                              THIS_IDENTIFIER
                                PsiElement(DLanguageTokenType.this)('this')
                        PsiElement(DLanguageTokenType.=)('=')
                        DLanguageAssignExpressionImpl(ASSIGN_EXPRESSION)
                          DLanguageCmpExpressionImpl(CMP_EXPRESSION)
                            DLanguageUnaryExpressionImpl(UNARY_EXPRESSION)
                              DLanguagePrimaryExpressionImpl(PRIMARY_EXPRESSION)
                                DLanguageIdentifierOrTemplateInstanceImpl(IDENTIFIER_OR_TEMPLATE_INSTANCE)
                                  IDENTIFIER
                                    PsiElement(DLanguageTokenType.ID)('s')
                    PsiElement(DLanguageTokenType.;)(';')
            PsiComment(DLanguageTokenType.LINE_COMMENT)('// bitcopy s into this')
            DLanguageDeclarationOrStatementImpl(DECLARATION_OR_STATEMENT)
              DLanguageStatementImpl(STATEMENT)
                DLanguageStatementNoCaseNoDefaultImpl(STATEMENT_NO_CASE_NO_DEFAULT)
                  DLanguageExpressionStatementImpl(EXPRESSION_STATEMENT)
                    DLanguageExpressionImpl(EXPRESSION)
                      DLanguageAssignExpressionImpl(ASSIGN_EXPRESSION)
                        DLanguageCmpExpressionImpl(CMP_EXPRESSION)
                          DLanguageUnaryExpressionImpl(UNARY_EXPRESSION)
                            DLanguageFunctionCallExpressionImpl(FUNCTION_CALL_EXPRESSION)
                              DLanguageUnaryExpressionImpl(UNARY_EXPRESSION)
                                DLanguagePrimaryExpressionImpl(PRIMARY_EXPRESSION)
                                  DLanguageIdentifierOrTemplateInstanceImpl(IDENTIFIER_OR_TEMPLATE_INSTANCE)
                                    IDENTIFIER
                                      PsiElement(DLanguageTokenType.ID)('tmp')
                                PsiElement(DLanguageTokenType..)('.')
                                DLanguageIdentifierOrTemplateInstanceImpl(IDENTIFIER_OR_TEMPLATE_INSTANCE)
                                  IDENTIFIER
                                    PsiElement(DLanguageTokenType.ID)('__dtor')
                              DLanguageArgumentsImpl(ARGUMENTS)
                                PsiElement(DLanguageTokenType.()('(')
                                PsiElement(DLanguageTokenType.))(')')
                    PsiElement(DLanguageTokenType.;)(';')
            PsiComment(DLanguageTokenType.LINE_COMMENT)('// call destructor on tmp')
            DLanguageDeclarationOrStatementImpl(DECLARATION_OR_STATEMENT)
              DLanguageStatementImpl(STATEMENT)
                DLanguageStatementNoCaseNoDefaultImpl(STATEMENT_NO_CASE_NO_DEFAULT)
                  DLanguageReturnStatementImpl(RETURN_STATEMENT)
                    PsiElement(DLanguageTokenType.return)('return')
                    DLanguageExpressionImpl(EXPRESSION)
                      DLanguageAssignExpressionImpl(ASSIGN_EXPRESSION)
                        DLanguageCmpExpressionImpl(CMP_EXPRESSION)
                          DLanguageUnaryExpressionImpl(UNARY_EXPRESSION)
                            DLanguagePrimaryExpressionImpl(PRIMARY_EXPRESSION)
                              THIS_IDENTIFIER
                                PsiElement(DLanguageTokenType.this)('this')
                    PsiElement(DLanguageTokenType.;)(';')
          PsiElement(DLanguageTokenType.})('}')
  DLanguageDeclarationImpl(DECLARATION)
    STRUCT_DECLARATION
      PsiElement(DLanguageTokenType.struct)('struct')
      IDENTIFIER
        PsiElement(DLanguageTokenType.ID)('S')
      DLanguageStructBodyImpl(STRUCT_BODY)
        PsiElement(DLanguageTokenType.{)('{')
        DLanguageDeclarationImpl(DECLARATION)
          DLanguageVariableDeclarationImpl(VARIABLE_DECLARATION)
            DLanguageTypeImpl(TYPE)
              DLanguageType_2Impl(TYPE_2)
                DLanguageBuiltinTypeImpl(BUILTIN_TYPE)
                  PsiElement(DLanguageTokenType.int)('int')
              DLanguageTypeSuffixImpl(TYPE_SUFFIX)
                PsiElement(DLanguageTokenType.[)('[')
                PsiElement(DLanguageTokenType.])(']')
            DECLARATOR
              IDENTIFIER
                PsiElement(DLanguageTokenType.ID)('buf')
            PsiElement(DLanguageTokenType.;)(';')
        DLanguageDeclarationImpl(DECLARATION)
          DLanguageVariableDeclarationImpl(VARIABLE_DECLARATION)
            DLanguageTypeImpl(TYPE)
              DLanguageType_2Impl(TYPE_2)
                DLanguageBuiltinTypeImpl(BUILTIN_TYPE)
                  PsiElement(DLanguageTokenType.int)('int')
            DECLARATOR
              IDENTIFIER
                PsiElement(DLanguageTokenType.ID)('a')
            PsiElement(DLanguageTokenType.;)(';')
        DLanguageDeclarationImpl(DECLARATION)
          DLanguageAttributeImpl(ATTRIBUTE)
            PsiElement(DLanguageTokenType.ref)('ref')
          FUNCTION_DECLARATION
            DLanguageTypeImpl(TYPE)
              DLanguageType_2Impl(TYPE_2)
                DLanguageSymbolImpl(SYMBOL)
                  DLanguageIdentifierOrTemplateChainImpl(IDENTIFIER_OR_TEMPLATE_CHAIN)
                    DLanguageIdentifierOrTemplateInstanceImpl(IDENTIFIER_OR_TEMPLATE_INSTANCE)
                      IDENTIFIER
                        PsiElement(DLanguageTokenType.ID)('S')
            IDENTIFIER
              PsiElement(DLanguageTokenType.ID)('opAssign')
            DLanguageParametersImpl(PARAMETERS)
              PsiElement(DLanguageTokenType.()('(')
              PARAMETER
                PsiElement(DLanguageTokenType.ref)('ref')
                PsiElement(DLanguageTokenType.const)('const')
                DLanguageTypeImpl(TYPE)
                  DLanguageType_2Impl(TYPE_2)
                    DLanguageSymbolImpl(SYMBOL)
                      DLanguageIdentifierOrTemplateChainImpl(IDENTIFIER_OR_TEMPLATE_CHAIN)
                        DLanguageIdentifierOrTemplateInstanceImpl(IDENTIFIER_OR_TEMPLATE_INSTANCE)
                          IDENTIFIER
                            PsiElement(DLanguageTokenType.ID)('S')
                IDENTIFIER
                  PsiElement(DLanguageTokenType.ID)('s')
              PsiElement(DLanguageTokenType.))(')')
            DLanguageFunctionBodyImpl(FUNCTION_BODY)
              DLanguageBlockStatementImpl(BLOCK_STATEMENT)
                PsiElement(DLanguageTokenType.{)('{')
                DLanguageDeclarationsAndStatementsImpl(DECLARATIONS_AND_STATEMENTS)
                  DLanguageDeclarationOrStatementImpl(DECLARATION_OR_STATEMENT)
                    DLanguageStatementImpl(STATEMENT)
                      DLanguageStatementNoCaseNoDefaultImpl(STATEMENT_NO_CASE_NO_DEFAULT)
                        DLanguageExpressionStatementImpl(EXPRESSION_STATEMENT)
                          DLanguageExpressionImpl(EXPRESSION)
                            DLanguageAssignExpressionImpl(ASSIGN_EXPRESSION)
                              DLanguageCmpExpressionImpl(CMP_EXPRESSION)
                                DLanguageUnaryExpressionImpl(UNARY_EXPRESSION)
                                  DLanguagePrimaryExpressionImpl(PRIMARY_EXPRESSION)
                                    DLanguageIdentifierOrTemplateInstanceImpl(IDENTIFIER_OR_TEMPLATE_INSTANCE)
                                      IDENTIFIER
                                        PsiElement(DLanguageTokenType.ID)('a')
                              PsiElement(DLanguageTokenType.=)('=')
                              DLanguageAssignExpressionImpl(ASSIGN_EXPRESSION)
                                DLanguageCmpExpressionImpl(CMP_EXPRESSION)
                                  DLanguageUnaryExpressionImpl(UNARY_EXPRESSION)
                                    DLanguagePrimaryExpressionImpl(PRIMARY_EXPRESSION)
                                      DLanguageIdentifierOrTemplateInstanceImpl(IDENTIFIER_OR_TEMPLATE_INSTANCE)
                                        IDENTIFIER
                                          PsiElement(DLanguageTokenType.ID)('s')
                                    PsiElement(DLanguageTokenType..)('.')
                                    DLanguageIdentifierOrTemplateInstanceImpl(IDENTIFIER_OR_TEMPLATE_INSTANCE)
                                      IDENTIFIER
                                        PsiElement(DLanguageTokenType.ID)('a')
                          PsiElement(DLanguageTokenType.;)(';')
                  DLanguageDeclarationOrStatementImpl(DECLARATION_OR_STATEMENT)
                    DLanguageStatementImpl(STATEMENT)
                      DLanguageStatementNoCaseNoDefaultImpl(STATEMENT_NO_CASE_NO_DEFAULT)
                        DLanguageReturnStatementImpl(RETURN_STATEMENT)
                          PsiElement(DLanguageTokenType.return)('return')
                          DLanguageExpressionImpl(EXPRESSION)
                            DLanguageAssignExpressionImpl(ASSIGN_EXPRESSION)
                              DLanguageCmpExpressionImpl(CMP_EXPRESSION)
                                DLanguageUnaryExpressionImpl(UNARY_EXPRESSION)
                                  DLanguagePrimaryExpressionImpl(PRIMARY_EXPRESSION)
                                    THIS_IDENTIFIER
                                      PsiElement(DLanguageTokenType.this)('this')
                          PsiElement(DLanguageTokenType.;)(';')
                PsiElement(DLanguageTokenType.})('}')
        DLanguageDeclarationImpl(DECLARATION)
          DLanguagePostblitImpl(POSTBLIT)
            THIS_IDENTIFIER
              PsiElement(DLanguageTokenType.this)('this')
            PsiElement(DLanguageTokenType.()('(')
            THIS_IDENTIFIER
              PsiElement(DLanguageTokenType.this)('this')
            PsiElement(DLanguageTokenType.))(')')
            DLanguageFunctionBodyImpl(FUNCTION_BODY)
              DLanguageBlockStatementImpl(BLOCK_STATEMENT)
                PsiElement(DLanguageTokenType.{)('{')
                DLanguageDeclarationsAndStatementsImpl(DECLARATIONS_AND_STATEMENTS)
                  DLanguageDeclarationOrStatementImpl(DECLARATION_OR_STATEMENT)
                    DLanguageStatementImpl(STATEMENT)
                      DLanguageStatementNoCaseNoDefaultImpl(STATEMENT_NO_CASE_NO_DEFAULT)
                        DLanguageExpressionStatementImpl(EXPRESSION_STATEMENT)
                          DLanguageExpressionImpl(EXPRESSION)
                            DLanguageAssignExpressionImpl(ASSIGN_EXPRESSION)
                              DLanguageCmpExpressionImpl(CMP_EXPRESSION)
                                DLanguageUnaryExpressionImpl(UNARY_EXPRESSION)
                                  DLanguagePrimaryExpressionImpl(PRIMARY_EXPRESSION)
                                    DLanguageIdentifierOrTemplateInstanceImpl(IDENTIFIER_OR_TEMPLATE_INSTANCE)
                                      IDENTIFIER
                                        PsiElement(DLanguageTokenType.ID)('buf')
                              PsiElement(DLanguageTokenType.=)('=')
                              DLanguageAssignExpressionImpl(ASSIGN_EXPRESSION)
                                DLanguageCmpExpressionImpl(CMP_EXPRESSION)
                                  DLanguageUnaryExpressionImpl(UNARY_EXPRESSION)
                                    DLanguagePrimaryExpressionImpl(PRIMARY_EXPRESSION)
                                      DLanguageIdentifierOrTemplateInstanceImpl(IDENTIFIER_OR_TEMPLATE_INSTANCE)
                                        IDENTIFIER
                                          PsiElement(DLanguageTokenType.ID)('buf')
                                    PsiElement(DLanguageTokenType..)('.')
                                    DLanguageIdentifierOrTemplateInstanceImpl(IDENTIFIER_OR_TEMPLATE_INSTANCE)
                                      IDENTIFIER
                                        PsiElement(DLanguageTokenType.ID)('dup')
                          PsiElement(DLanguageTokenType.;)(';')
                PsiElement(DLanguageTokenType.})('}')
        PsiElement(DLanguageTokenType.})('}')