D Language File
  DLanguageDeclarationImpl(DECLARATION)
    STRUCT_DECLARATION
      PsiElement(DLanguageTokenType.struct)('struct')
      IDENTIFIER
        PsiElement(DLanguageTokenType.ID)('S')
      DLanguageStructBodyImpl(STRUCT_BODY)
        PsiElement(DLanguageTokenType.{)('{')
        DLanguageDeclarationImpl(DECLARATION)
          DLanguageVariableDeclarationImpl(VARIABLE_DECLARATION)
            DLanguageTypeImpl(TYPE)
              DLanguageType_2Impl(TYPE_2)
                DLanguageBuiltinTypeImpl(BUILTIN_TYPE)
                  PsiElement(DLanguageTokenType.int)('int')
              DLanguageTypeSuffixImpl(TYPE_SUFFIX)
                PsiElement(DLanguageTokenType.[)('[')
                PsiElement(DLanguageTokenType.])(']')
            DECLARATOR
              IDENTIFIER
                PsiElement(DLanguageTokenType.ID)('a')
            PsiElement(DLanguageTokenType.;)(';')
        PsiComment(DLanguageTokenType.LINE_COMMENT)('// array is privately owned by this instance')
        DLanguageDeclarationImpl(DECLARATION)
          DLanguagePostblitImpl(POSTBLIT)
            THIS_IDENTIFIER
              PsiElement(DLanguageTokenType.this)('this')
            PsiElement(DLanguageTokenType.()('(')
            THIS_IDENTIFIER
              PsiElement(DLanguageTokenType.this)('this')
            PsiElement(DLanguageTokenType.))(')')
            DLanguageFunctionBodyImpl(FUNCTION_BODY)
              DLanguageBlockStatementImpl(BLOCK_STATEMENT)
                PsiElement(DLanguageTokenType.{)('{')
                DLanguageDeclarationsAndStatementsImpl(DECLARATIONS_AND_STATEMENTS)
                  DLanguageDeclarationOrStatementImpl(DECLARATION_OR_STATEMENT)
                    DLanguageStatementImpl(STATEMENT)
                      DLanguageStatementNoCaseNoDefaultImpl(STATEMENT_NO_CASE_NO_DEFAULT)
                        DLanguageExpressionStatementImpl(EXPRESSION_STATEMENT)
                          DLanguageExpressionImpl(EXPRESSION)
                            DLanguageAssignExpressionImpl(ASSIGN_EXPRESSION)
                              DLanguageCmpExpressionImpl(CMP_EXPRESSION)
                                DLanguageUnaryExpressionImpl(UNARY_EXPRESSION)
                                  DLanguagePrimaryExpressionImpl(PRIMARY_EXPRESSION)
                                    DLanguageIdentifierOrTemplateInstanceImpl(IDENTIFIER_OR_TEMPLATE_INSTANCE)
                                      IDENTIFIER
                                        PsiElement(DLanguageTokenType.ID)('a')
                              PsiElement(DLanguageTokenType.=)('=')
                              DLanguageAssignExpressionImpl(ASSIGN_EXPRESSION)
                                DLanguageCmpExpressionImpl(CMP_EXPRESSION)
                                  DLanguageUnaryExpressionImpl(UNARY_EXPRESSION)
                                    DLanguagePrimaryExpressionImpl(PRIMARY_EXPRESSION)
                                      DLanguageIdentifierOrTemplateInstanceImpl(IDENTIFIER_OR_TEMPLATE_INSTANCE)
                                        IDENTIFIER
                                          PsiElement(DLanguageTokenType.ID)('a')
                                    PsiElement(DLanguageTokenType..)('.')
                                    DLanguageIdentifierOrTemplateInstanceImpl(IDENTIFIER_OR_TEMPLATE_INSTANCE)
                                      IDENTIFIER
                                        PsiElement(DLanguageTokenType.ID)('dup')
                          PsiElement(DLanguageTokenType.;)(';')
                PsiElement(DLanguageTokenType.})('}')
        PsiElement(DLanguageTokenType.})('}')
  DLanguageDeclarationImpl(DECLARATION)
    STRUCT_DECLARATION
      PsiElement(DLanguageTokenType.struct)('struct')
      IDENTIFIER
        PsiElement(DLanguageTokenType.ID)('T')
      DLanguageStructBodyImpl(STRUCT_BODY)
        PsiElement(DLanguageTokenType.{)('{')
        DLanguageDeclarationImpl(DECLARATION)
          DLanguageAttributeImpl(ATTRIBUTE)
            DLanguageAtAttributeImpl(AT_ATTRIBUTE)
              PsiElement(DLanguageTokenType.@)('@')
              IDENTIFIER
                PsiElement(DLanguageTokenType.ID)('disable')
          DLanguagePostblitImpl(POSTBLIT)
            THIS_IDENTIFIER
              PsiElement(DLanguageTokenType.this)('this')
            PsiElement(DLanguageTokenType.()('(')
            THIS_IDENTIFIER
              PsiElement(DLanguageTokenType.this)('this')
            PsiElement(DLanguageTokenType.))(')')
            PsiElement(DLanguageTokenType.;)(';')
        PsiComment(DLanguageTokenType.LINE_COMMENT)('// disabling makes T not copyable')
        PsiElement(DLanguageTokenType.})('}')
  DLanguageDeclarationImpl(DECLARATION)
    STRUCT_DECLARATION
      PsiElement(DLanguageTokenType.struct)('struct')
      IDENTIFIER
        PsiElement(DLanguageTokenType.ID)('S')
      DLanguageStructBodyImpl(STRUCT_BODY)
        PsiElement(DLanguageTokenType.{)('{')
        DLanguageDeclarationImpl(DECLARATION)
          DLanguageVariableDeclarationImpl(VARIABLE_DECLARATION)
            DLanguageTypeImpl(TYPE)
              DLanguageType_2Impl(TYPE_2)
                DLanguageSymbolImpl(SYMBOL)
                  DLanguageIdentifierOrTemplateChainImpl(IDENTIFIER_OR_TEMPLATE_CHAIN)
                    DLanguageIdentifierOrTemplateInstanceImpl(IDENTIFIER_OR_TEMPLATE_INSTANCE)
                      IDENTIFIER
                        PsiElement(DLanguageTokenType.ID)('T')
            DECLARATOR
              IDENTIFIER
                PsiElement(DLanguageTokenType.ID)('t')
            PsiElement(DLanguageTokenType.;)(';')
        PsiComment(DLanguageTokenType.LINE_COMMENT)('// uncopyable member makes S also not copyable')
        PsiElement(DLanguageTokenType.})('}')
  DLanguageDeclarationImpl(DECLARATION)
    FUNCTION_DECLARATION
      DLanguageTypeImpl(TYPE)
        DLanguageType_2Impl(TYPE_2)
          DLanguageBuiltinTypeImpl(BUILTIN_TYPE)
            PsiElement(DLanguageTokenType.void)('void')
      IDENTIFIER
        PsiElement(DLanguageTokenType.ID)('main')
      DLanguageParametersImpl(PARAMETERS)
        PsiElement(DLanguageTokenType.()('(')
        PsiElement(DLanguageTokenType.))(')')
      DLanguageFunctionBodyImpl(FUNCTION_BODY)
        DLanguageBlockStatementImpl(BLOCK_STATEMENT)
          PsiElement(DLanguageTokenType.{)('{')
          DLanguageDeclarationsAndStatementsImpl(DECLARATIONS_AND_STATEMENTS)
            DLanguageDeclarationOrStatementImpl(DECLARATION_OR_STATEMENT)
              DLanguageDeclarationImpl(DECLARATION)
                DLanguageVariableDeclarationImpl(VARIABLE_DECLARATION)
                  DLanguageTypeImpl(TYPE)
                    DLanguageType_2Impl(TYPE_2)
                      DLanguageSymbolImpl(SYMBOL)
                        DLanguageIdentifierOrTemplateChainImpl(IDENTIFIER_OR_TEMPLATE_CHAIN)
                          DLanguageIdentifierOrTemplateInstanceImpl(IDENTIFIER_OR_TEMPLATE_INSTANCE)
                            IDENTIFIER
                              PsiElement(DLanguageTokenType.ID)('S')
                  DECLARATOR
                    IDENTIFIER
                      PsiElement(DLanguageTokenType.ID)('s')
                  PsiElement(DLanguageTokenType.;)(';')
            DLanguageDeclarationOrStatementImpl(DECLARATION_OR_STATEMENT)
              DLanguageDeclarationImpl(DECLARATION)
                DLanguageVariableDeclarationImpl(VARIABLE_DECLARATION)
                  DLanguageTypeImpl(TYPE)
                    DLanguageType_2Impl(TYPE_2)
                      DLanguageSymbolImpl(SYMBOL)
                        DLanguageIdentifierOrTemplateChainImpl(IDENTIFIER_OR_TEMPLATE_CHAIN)
                          DLanguageIdentifierOrTemplateInstanceImpl(IDENTIFIER_OR_TEMPLATE_INSTANCE)
                            IDENTIFIER
                              PsiElement(DLanguageTokenType.ID)('S')
                  DECLARATOR
                    IDENTIFIER
                      PsiElement(DLanguageTokenType.ID)('t')
                    PsiElement(DLanguageTokenType.=)('=')
                    DLanguageInitializerImpl(INITIALIZER)
                      DLanguageNonVoidInitializerImpl(NON_VOID_INITIALIZER)
                        DLanguageAssignExpressionImpl(ASSIGN_EXPRESSION)
                          DLanguageCmpExpressionImpl(CMP_EXPRESSION)
                            DLanguageUnaryExpressionImpl(UNARY_EXPRESSION)
                              DLanguagePrimaryExpressionImpl(PRIMARY_EXPRESSION)
                                DLanguageIdentifierOrTemplateInstanceImpl(IDENTIFIER_OR_TEMPLATE_INSTANCE)
                                  IDENTIFIER
                                    PsiElement(DLanguageTokenType.ID)('s')
                  PsiElement(DLanguageTokenType.;)(';')
          PsiComment(DLanguageTokenType.LINE_COMMENT)('// error, S is not copyable')
          PsiElement(DLanguageTokenType.})('}')